Archive member included to satisfy reference by file (symbol)

/Applications/STM32CubeIDE.app/Contents/Eclipse/plugins/com.st.stm32cube.ide.mcu.externaltools.gnu-tools-for-stm32.11.3.rel1.macos64_1.1.0.202305231506/tools/bin/../lib/gcc/arm-none-eabi/11.3.1/../../../../arm-none-eabi/lib/thumb/v7e-m/nofp/libc_nano.a(libc_a-exit.o)
                              /Applications/STM32CubeIDE.app/Contents/Eclipse/plugins/com.st.stm32cube.ide.mcu.externaltools.gnu-tools-for-stm32.11.3.rel1.macos64_1.1.0.202305231506/tools/bin/../lib/gcc/arm-none-eabi/11.3.1/../../../../arm-none-eabi/lib/thumb/v7e-m/nofp/crt0.o (exit)
/Applications/STM32CubeIDE.app/Contents/Eclipse/plugins/com.st.stm32cube.ide.mcu.externaltools.gnu-tools-for-stm32.11.3.rel1.macos64_1.1.0.202305231506/tools/bin/../lib/gcc/arm-none-eabi/11.3.1/../../../../arm-none-eabi/lib/thumb/v7e-m/nofp/libc_nano.a(libc_a-findfp.o)
                              /Applications/STM32CubeIDE.app/Contents/Eclipse/plugins/com.st.stm32cube.ide.mcu.externaltools.gnu-tools-for-stm32.11.3.rel1.macos64_1.1.0.202305231506/tools/bin/../lib/gcc/arm-none-eabi/11.3.1/../../../../arm-none-eabi/lib/thumb/v7e-m/nofp/libc_nano.a(libc_a-exit.o) (__stdio_exit_handler)
/Applications/STM32CubeIDE.app/Contents/Eclipse/plugins/com.st.stm32cube.ide.mcu.externaltools.gnu-tools-for-stm32.11.3.rel1.macos64_1.1.0.202305231506/tools/bin/../lib/gcc/arm-none-eabi/11.3.1/../../../../arm-none-eabi/lib/thumb/v7e-m/nofp/libc_nano.a(libc_a-fwalk.o)
                              /Applications/STM32CubeIDE.app/Contents/Eclipse/plugins/com.st.stm32cube.ide.mcu.externaltools.gnu-tools-for-stm32.11.3.rel1.macos64_1.1.0.202305231506/tools/bin/../lib/gcc/arm-none-eabi/11.3.1/../../../../arm-none-eabi/lib/thumb/v7e-m/nofp/libc_nano.a(libc_a-findfp.o) (_fwalk_sglue)
/Applications/STM32CubeIDE.app/Contents/Eclipse/plugins/com.st.stm32cube.ide.mcu.externaltools.gnu-tools-for-stm32.11.3.rel1.macos64_1.1.0.202305231506/tools/bin/../lib/gcc/arm-none-eabi/11.3.1/../../../../arm-none-eabi/lib/thumb/v7e-m/nofp/libc_nano.a(libc_a-vsnprintf.o)
                              ./Core/Src/com_debug.o (vsnprintf)
/Applications/STM32CubeIDE.app/Contents/Eclipse/plugins/com.st.stm32cube.ide.mcu.externaltools.gnu-tools-for-stm32.11.3.rel1.macos64_1.1.0.202305231506/tools/bin/../lib/gcc/arm-none-eabi/11.3.1/../../../../arm-none-eabi/lib/thumb/v7e-m/nofp/libc_nano.a(libc_a-memset.o)
                              /Applications/STM32CubeIDE.app/Contents/Eclipse/plugins/com.st.stm32cube.ide.mcu.externaltools.gnu-tools-for-stm32.11.3.rel1.macos64_1.1.0.202305231506/tools/bin/../lib/gcc/arm-none-eabi/11.3.1/../../../../arm-none-eabi/lib/thumb/v7e-m/nofp/crt0.o (memset)
/Applications/STM32CubeIDE.app/Contents/Eclipse/plugins/com.st.stm32cube.ide.mcu.externaltools.gnu-tools-for-stm32.11.3.rel1.macos64_1.1.0.202305231506/tools/bin/../lib/gcc/arm-none-eabi/11.3.1/../../../../arm-none-eabi/lib/thumb/v7e-m/nofp/libc_nano.a(libc_a-impure.o)
                              /Applications/STM32CubeIDE.app/Contents/Eclipse/plugins/com.st.stm32cube.ide.mcu.externaltools.gnu-tools-for-stm32.11.3.rel1.macos64_1.1.0.202305231506/tools/bin/../lib/gcc/arm-none-eabi/11.3.1/../../../../arm-none-eabi/lib/thumb/v7e-m/nofp/libc_nano.a(libc_a-vsnprintf.o) (_impure_ptr)
/Applications/STM32CubeIDE.app/Contents/Eclipse/plugins/com.st.stm32cube.ide.mcu.externaltools.gnu-tools-for-stm32.11.3.rel1.macos64_1.1.0.202305231506/tools/bin/../lib/gcc/arm-none-eabi/11.3.1/../../../../arm-none-eabi/lib/thumb/v7e-m/nofp/libc_nano.a(libc_a-errno.o)
                              ./Core/Src/syscalls.o (__errno)
/Applications/STM32CubeIDE.app/Contents/Eclipse/plugins/com.st.stm32cube.ide.mcu.externaltools.gnu-tools-for-stm32.11.3.rel1.macos64_1.1.0.202305231506/tools/bin/../lib/gcc/arm-none-eabi/11.3.1/../../../../arm-none-eabi/lib/thumb/v7e-m/nofp/libc_nano.a(libc_a-init.o)
                              /Applications/STM32CubeIDE.app/Contents/Eclipse/plugins/com.st.stm32cube.ide.mcu.externaltools.gnu-tools-for-stm32.11.3.rel1.macos64_1.1.0.202305231506/tools/bin/../lib/gcc/arm-none-eabi/11.3.1/../../../../arm-none-eabi/lib/thumb/v7e-m/nofp/crt0.o (__libc_init_array)
/Applications/STM32CubeIDE.app/Contents/Eclipse/plugins/com.st.stm32cube.ide.mcu.externaltools.gnu-tools-for-stm32.11.3.rel1.macos64_1.1.0.202305231506/tools/bin/../lib/gcc/arm-none-eabi/11.3.1/../../../../arm-none-eabi/lib/thumb/v7e-m/nofp/libc_nano.a(libc_a-lock.o)
                              /Applications/STM32CubeIDE.app/Contents/Eclipse/plugins/com.st.stm32cube.ide.mcu.externaltools.gnu-tools-for-stm32.11.3.rel1.macos64_1.1.0.202305231506/tools/bin/../lib/gcc/arm-none-eabi/11.3.1/../../../../arm-none-eabi/lib/thumb/v7e-m/nofp/libc_nano.a(libc_a-findfp.o) (__retarget_lock_init_recursive)
[...]
Memory Configuration

Name             Origin             Length             Attributes
RAM              0x0000000020000000 0x0000000000010000 xrw
RAM2             0x0000000010000000 0x0000000000008000 xrw
FLASH            0x0000000008000000 0x0000000000040000 xr
*default*        0x0000000000000000 0xffffffffffffffff

Linker script and memory map

LOAD /Applications/STM32CubeIDE.app/Contents/Eclipse/plugins/com.st.stm32cube.ide.mcu.externaltools.gnu-tools-for-stm32.11.3.rel1.macos64_1.1.0.202305231506/tools/bin/../lib/gcc/arm-none-eabi/11.3.1/thumb/v7e-m/nofp/crti.o
LOAD /Applications/STM32CubeIDE.app/Contents/Eclipse/plugins/com.st.stm32cube.ide.mcu.externaltools.gnu-tools-for-stm32.11.3.rel1.macos64_1.1.0.202305231506/tools/bin/../lib/gcc/arm-none-eabi/11.3.1/thumb/v7e-m/nofp/crtbegin.o
LOAD /Applications/STM32CubeIDE.app/Contents/Eclipse/plugins/com.st.stm32cube.ide.mcu.externaltools.gnu-tools-for-stm32.11.3.rel1.macos64_1.1.0.202305231506/tools/bin/../lib/gcc/arm-none-eabi/11.3.1/../../../../arm-none-eabi/lib/thumb/v7e-m/nofp/crt0.o
LOAD ./Core/Src/ax25_generator.o
LOAD ./Core/Src/com_debug.o
LOAD ./Core/Src/dma.o
LOAD ./Core/Src/error_handler.o
LOAD ./Core/Src/gpio.o
LOAD ./Core/Src/main.o
LOAD ./Core/Src/obc_interface.o
LOAD ./Core/Src/stm32_adv_trace_if.o
LOAD ./Core/Src/stm32_lpm_if.o
LOAD ./Core/Src/stm32wlxx_hal_msp.o
LOAD ./Core/Src/stm32wlxx_it.o
LOAD ./Core/Src/subghz.o
LOAD ./Core/Src/sys_app.o
LOAD ./Core/Src/syscalls.o
LOAD ./Core/Src/sysmem.o
LOAD ./Core/Src/system_stm32wlxx.o
LOAD ./Core/Src/tim.o
LOAD ./Core/Src/timer_if.o
LOAD ./Core/Src/usart.o
LOAD ./Core/Startup/startup_stm32wl55jcix.o
LOAD ./Drivers/STM32WLxx_HAL_Driver/Src/stm32wlxx_hal.o
LOAD ./Drivers/STM32WLxx_HAL_Driver/Src/stm32wlxx_hal_cortex.o
LOAD ./Drivers/STM32WLxx_HAL_Driver/Src/stm32wlxx_hal_dma.o
LOAD ./Drivers/STM32WLxx_HAL_Driver/Src/stm32wlxx_hal_dma_ex.o
LOAD ./Drivers/STM32WLxx_HAL_Driver/Src/stm32wlxx_hal_exti.o
LOAD ./Drivers/STM32WLxx_HAL_Driver/Src/stm32wlxx_hal_flash.o
LOAD ./Drivers/STM32WLxx_HAL_Driver/Src/stm32wlxx_hal_flash_ex.o
LOAD ./Drivers/STM32WLxx_HAL_Driver/Src/stm32wlxx_hal_gpio.o
LOAD ./Drivers/STM32WLxx_HAL_Driver/Src/stm32wlxx_hal_pwr.o
LOAD ./Drivers/STM32WLxx_HAL_Driver/Src/stm32wlxx_hal_pwr_ex.o
LOAD ./Drivers/STM32WLxx_HAL_Driver/Src/stm32wlxx_hal_rcc.o
LOAD ./Drivers/STM32WLxx_HAL_Driver/Src/stm32wlxx_hal_rcc_ex.o
LOAD ./Drivers/STM32WLxx_HAL_Driver/Src/stm32wlxx_hal_subghz.o
LOAD ./Drivers/STM32WLxx_HAL_Driver/Src/stm32wlxx_hal_tim.o
LOAD ./Drivers/STM32WLxx_HAL_Driver/Src/stm32wlxx_hal_tim_ex.o
LOAD ./Drivers/STM32WLxx_HAL_Driver/Src/stm32wlxx_hal_uart.o
LOAD ./Drivers/STM32WLxx_HAL_Driver/Src/stm32wlxx_hal_uart_ex.o
LOAD ./Drivers/STM32WLxx_Nucleo/stm32wlxx_nucleo.o
LOAD ./Drivers/STM32WLxx_Nucleo/stm32wlxx_nucleo_radio.o
LOAD ./Middlewares/Third_Party/SubGHz_Phy/stm32_radio_driver/lr_fhss_mac.o
LOAD ./Middlewares/Third_Party/SubGHz_Phy/stm32_radio_driver/radio.o
LOAD ./Middlewares/Third_Party/SubGHz_Phy/stm32_radio_driver/radio_driver.o
LOAD ./Middlewares/Third_Party/SubGHz_Phy/stm32_radio_driver/radio_fw.o
LOAD ./Middlewares/Third_Party/SubGHz_Phy/stm32_radio_driver/wl_lr_fhss.o
LOAD ./SubGHz_Phy/App/app_subghz_phy.o
LOAD ./SubGHz_Phy/App/subghz_phy_app.o
LOAD ./SubGHz_Phy/Target/radio_board_if.o
LOAD ./Utilities/lpm/tiny_lpm/stm32_lpm.o
LOAD ./Utilities/misc/stm32_mem.o
LOAD ./Utilities/misc/stm32_systime.o
LOAD ./Utilities/misc/stm32_tiny_sscanf.o
LOAD ./Utilities/misc/stm32_tiny_vsnprintf.o
LOAD ./Utilities/sequencer/stm32_seq.o
LOAD ./Utilities/timer/stm32_timer.o
LOAD ./Utilities/trace/adv_trace/stm32_adv_trace.o
START GROUP
LOAD /Applications/STM32CubeIDE.app/Contents/Eclipse/plugins/com.st.stm32cube.ide.mcu.externaltools.gnu-tools-for-stm32.11.3.rel1.macos64_1.1.0.202305231506/tools/bin/../lib/gcc/arm-none-eabi/11.3.1/../../../../arm-none-eabi/lib/thumb/v7e-m/nofp/libc_nano.a
LOAD /Applications/STM32CubeIDE.app/Contents/Eclipse/plugins/com.st.stm32cube.ide.mcu.externaltools.gnu-tools-for-stm32.11.3.rel1.macos64_1.1.0.202305231506/tools/bin/../lib/gcc/arm-none-eabi/11.3.1/../../../../arm-none-eabi/lib/thumb/v7e-m/nofp/libm.a
END GROUP
START GROUP
LOAD /Applications/STM32CubeIDE.app/Contents/Eclipse/plugins/com.st.stm32cube.ide.mcu.externaltools.gnu-tools-for-stm32.11.3.rel1.macos64_1.1.0.202305231506/tools/bin/../lib/gcc/arm-none-eabi/11.3.1/thumb/v7e-m/nofp/libgcc.a
LOAD /Applications/STM32CubeIDE.app/Contents/Eclipse/plugins/com.st.stm32cube.ide.mcu.externaltools.gnu-tools-for-stm32.11.3.rel1.macos64_1.1.0.202305231506/tools/bin/../lib/gcc/arm-none-eabi/11.3.1/../../../../arm-none-eabi/lib/thumb/v7e-m/nofp/libc_nano.a
END GROUP
START GROUP
LOAD /Applications/STM32CubeIDE.app/Contents/Eclipse/plugins/com.st.stm32cube.ide.mcu.externaltools.gnu-tools-for-stm32.11.3.rel1.macos64_1.1.0.202305231506/tools/bin/../lib/gcc/arm-none-eabi/11.3.1/thumb/v7e-m/nofp/libgcc.a
LOAD /Applications/STM32CubeIDE.app/Contents/Eclipse/plugins/com.st.stm32cube.ide.mcu.externaltools.gnu-tools-for-stm32.11.3.rel1.macos64_1.1.0.202305231506/tools/bin/../lib/gcc/arm-none-eabi/11.3.1/../../../../arm-none-eabi/lib/thumb/v7e-m/nofp/libc_nano.a
LOAD /Applications/STM32CubeIDE.app/Contents/Eclipse/plugins/com.st.stm32cube.ide.mcu.externaltools.gnu-tools-for-stm32.11.3.rel1.macos64_1.1.0.202305231506/tools/bin/../lib/gcc/arm-none-eabi/11.3.1/../../../../arm-none-eabi/lib/thumb/v7e-m/nofp/libnosys.a
END GROUP
START GROUP
LOAD /Applications/STM32CubeIDE.app/Contents/Eclipse/plugins/com.st.stm32cube.ide.mcu.externaltools.gnu-tools-for-stm32.11.3.rel1.macos64_1.1.0.202305231506/tools/bin/../lib/gcc/arm-none-eabi/11.3.1/thumb/v7e-m/nofp/libgcc.a
LOAD /Applications/STM32CubeIDE.app/Contents/Eclipse/plugins/com.st.stm32cube.ide.mcu.externaltools.gnu-tools-for-stm32.11.3.rel1.macos64_1.1.0.202305231506/tools/bin/../lib/gcc/arm-none-eabi/11.3.1/../../../../arm-none-eabi/lib/thumb/v7e-m/nofp/libc_nano.a
LOAD /Applications/STM32CubeIDE.app/Contents/Eclipse/plugins/com.st.stm32cube.ide.mcu.externaltools.gnu-tools-for-stm32.11.3.rel1.macos64_1.1.0.202305231506/tools/bin/../lib/gcc/arm-none-eabi/11.3.1/../../../../arm-none-eabi/lib/thumb/v7e-m/nofp/libnosys.a
END GROUP
LOAD /Applications/STM32CubeIDE.app/Contents/Eclipse/plugins/com.st.stm32cube.ide.mcu.externaltools.gnu-tools-for-stm32.11.3.rel1.macos64_1.1.0.202305231506/tools/bin/../lib/gcc/arm-none-eabi/11.3.1/thumb/v7e-m/nofp/crtend.o
LOAD /Applications/STM32CubeIDE.app/Contents/Eclipse/plugins/com.st.stm32cube.ide.mcu.externaltools.gnu-tools-for-stm32.11.3.rel1.macos64_1.1.0.202305231506/tools/bin/../lib/gcc/arm-none-eabi/11.3.1/thumb/v7e-m/nofp/crtn.o
                0x0000000020010000                _estack = (ORIGIN (RAM) + LENGTH (RAM))
                0x0000000000000200                _Min_Heap_Size = 0x200
                0x0000000000000400                _Min_Stack_Size = 0x400

.isr_vector     0x0000000008000000      0x138
                0x0000000008000000                . = ALIGN (0x4)
 *(.isr_vector)
 .isr_vector    0x0000000008000000      0x138 ./Core/Startup/startup_stm32wl55jcix.o
                0x0000000008000000                g_pfnVectors
                0x0000000008000138                . = ALIGN (0x4)

.text           0x0000000008000140     0xbd68
                0x0000000008000140                . = ALIGN (0x4)
 *(.text)
 .text          0x0000000008000140       0x40 /Applications/STM32CubeIDE.app/Contents/Eclipse/plugins/com.st.stm32cube.ide.mcu.externaltools.gnu-tools-for-stm32.11.3.rel1.macos64_1.1.0.202305231506/tools/bin/../lib/gcc/arm-none-eabi/11.3.1/thumb/v7e-m/nofp/crtbegin.o
 .text          0x0000000008000180       0xa0 /Applications/STM32CubeIDE.app/Contents/Eclipse/plugins/com.st.stm32cube.ide.mcu.externaltools.gnu-tools-for-stm32.11.3.rel1.macos64_1.1.0.202305231506/tools/bin/../lib/gcc/arm-none-eabi/11.3.1/../../../../arm-none-eabi/lib/thumb/v7e-m/nofp/libc_nano.a(libc_a-memchr.o)
                0x0000000008000180                memchr
 .text          0x0000000008000220       0x30 /Applications/STM32CubeIDE.app/Contents/Eclipse/plugins/com.st.stm32cube.ide.mcu.externaltools.gnu-tools-for-stm32.11.3.rel1.macos64_1.1.0.202305231506/tools/bin/../lib/gcc/arm-none-eabi/11.3.1/thumb/v7e-m/nofp/libgcc.a(_aeabi_uldivmod.o)
                0x0000000008000220                __aeabi_uldivmod
 .text          0x0000000008000250      0x2c8 /Applications/STM32CubeIDE.app/Contents/Eclipse/plugins/com.st.stm32cube.ide.mcu.externaltools.gnu-tools-for-stm32.11.3.rel1.macos64_1.1.0.202305231506/tools/bin/../lib/gcc/arm-none-eabi/11.3.1/thumb/v7e-m/nofp/libgcc.a(_udivmoddi4.o)
                0x0000000008000250                __udivmoddi4
 .text          0x0000000008000518        0x4 /Applications/STM32CubeIDE.app/Contents/Eclipse/plugins/com.st.stm32cube.ide.mcu.externaltools.gnu-tools-for-stm32.11.3.rel1.macos64_1.1.0.202305231506/tools/bin/../lib/gcc/arm-none-eabi/11.3.1/thumb/v7e-m/nofp/libgcc.a(_dvmd_tls.o)
                0x0000000008000518                __aeabi_ldiv0
                0x0000000008000518                __aeabi_idiv0
 *(.text*)
 .text.updatePacket
                0x000000000800051c       0xa8 ./Core/Src/ax25_generator.o
                0x000000000800051c                updatePacket
 .text.getHDLCPacket
                0x00000000080005c4       0xfc ./Core/Src/ax25_generator.o
                0x00000000080005c4                getHDLCPacket
 .text.getAX25Packet
                0x00000000080006c0      0x118 ./Core/Src/ax25_generator.o
                0x00000000080006c0                getAX25Packet
 .text.delay_us
                0x00000000080007d8       0x34 ./Core/Src/com_debug.o
                0x00000000080007d8                delay_us
 .text.myDebug  0x000000000800080c       0x48 ./Core/Src/com_debug.o
                0x000000000800080c                myDebug
 .text.bufferSize
                0x0000000008000854       0x2c ./Core/Src/com_debug.o
                0x0000000008000854                bufferSize
 .text.LL_AHB1_GRP1_EnableClock
                0x0000000008000880       0x30 ./Core/Src/dma.o
 .text.MX_DMA_Init
                0x00000000080008b0       0x54 ./Core/Src/dma.o
                0x00000000080008b0                MX_DMA_Init
 .text.calculateCRC_CCITT_AX25
                0x0000000008000904       0x7e ./Core/Src/error_handler.o
                0x0000000008000904                calculateCRC_CCITT_AX25
 .text.bit_stuffing
                0x0000000008000982      0x150 ./Core/Src/error_handler.o
                0x0000000008000982                bit_stuffing
 .text.bit_destuffing
                0x0000000008000ad2       0xf6 ./Core/Src/error_handler.o
                0x0000000008000ad2                bit_destuffing
 .text.LL_AHB2_GRP1_EnableClock
                0x0000000008000bc8       0x30 ./Core/Src/gpio.o
 .text.MX_GPIO_Init
                0x0000000008000bf8       0xb4 ./Core/Src/gpio.o
                0x0000000008000bf8                MX_GPIO_Init
 .text.countsDataBetweenFlags
                0x0000000008000cac       0x6c ./Core/Src/main.o
                0x0000000008000cac                countsDataBetweenFlags
 .text.main     0x0000000008000d18      0x4e4 ./Core/Src/main.o
                0x0000000008000d18                main
 .text.SystemClock_Config
                0x00000000080011fc       0xc0 ./Core/Src/main.o
                0x00000000080011fc                SystemClock_Config
 .text.HAL_UART_RxCpltCallback
                0x00000000080012bc      0x4b0 ./Core/Src/main.o
                0x00000000080012bc                HAL_UART_RxCpltCallback
 .text.DioIrqHndlr
                0x000000000800176c      0x984 ./Core/Src/main.o
                0x000000000800176c                DioIrqHndlr
 .text.Error_Handler
                0x00000000080020f0        0xa ./Core/Src/main.o
                0x00000000080020f0                Error_Handler
 *fill*         0x00000000080020fa        0x2 
 .text.WAIT_FOR_HANDSHAKE
                0x00000000080020fc      0x2b8 ./Core/Src/obc_interface.o
                0x00000000080020fc                WAIT_FOR_HANDSHAKE
 .text.HAL_MspInit
                0x00000000080023b4        0xc ./Core/Src/stm32wlxx_hal_msp.o
                0x00000000080023b4                HAL_MspInit
 .text.NMI_Handler
                0x00000000080023c0        0x6 ./Core/Src/stm32wlxx_it.o
                0x00000000080023c0                NMI_Handler
 .text.HardFault_Handler
                0x00000000080023c6        0x6 ./Core/Src/stm32wlxx_it.o
                0x00000000080023c6                HardFault_Handler
 .text.MemManage_Handler
                0x00000000080023cc        0x6 ./Core/Src/stm32wlxx_it.o
                0x00000000080023cc                MemManage_Handler
 .text.BusFault_Handler
                0x00000000080023d2        0x6 ./Core/Src/stm32wlxx_it.o
                0x00000000080023d2                BusFault_Handler
 .text.UsageFault_Handler
                0x00000000080023d8        0x6 ./Core/Src/stm32wlxx_it.o
                0x00000000080023d8                UsageFault_Handler
 .text.SVC_Handler
                0x00000000080023de        0xc ./Core/Src/stm32wlxx_it.o
                0x00000000080023de                SVC_Handler
 .text.DebugMon_Handler
                0x00000000080023ea        0xc ./Core/Src/stm32wlxx_it.o
                0x00000000080023ea                DebugMon_Handler
 .text.PendSV_Handler
                0x00000000080023f6        0xc ./Core/Src/stm32wlxx_it.o
                0x00000000080023f6                PendSV_Handler
 .text.SysTick_Handler
                0x0000000008002402        0xc ./Core/Src/stm32wlxx_it.o
                0x0000000008002402                SysTick_Handler
 *fill*         0x000000000800240e        0x2 
 .text.DMA1_Channel1_IRQHandler
                0x0000000008002410       0x14 ./Core/Src/stm32wlxx_it.o
                0x0000000008002410                DMA1_Channel1_IRQHandler
 .text.DMA1_Channel2_IRQHandler
                0x0000000008002424       0x14 ./Core/Src/stm32wlxx_it.o
                0x0000000008002424                DMA1_Channel2_IRQHandler
 .text.DMA1_Channel3_IRQHandler
                0x0000000008002438       0x14 ./Core/Src/stm32wlxx_it.o
                0x0000000008002438                DMA1_Channel3_IRQHandler
 .text.DMA1_Channel4_IRQHandler
                0x000000000800244c       0x14 ./Core/Src/stm32wlxx_it.o
                0x000000000800244c                DMA1_Channel4_IRQHandler
 .text.USART1_IRQHandler
                0x0000000008002460       0x14 ./Core/Src/stm32wlxx_it.o
                0x0000000008002460                USART1_IRQHandler
 .text.USART2_IRQHandler
                0x0000000008002474       0x14 ./Core/Src/stm32wlxx_it.o
                0x0000000008002474                USART2_IRQHandler
 .text.LPUART1_IRQHandler
                0x0000000008002488       0x14 ./Core/Src/stm32wlxx_it.o
                0x0000000008002488                LPUART1_IRQHandler
 .text.SUBGHZ_Radio_IRQHandler
                0x000000000800249c       0x14 ./Core/Src/stm32wlxx_it.o
                0x000000000800249c                SUBGHZ_Radio_IRQHandler
 .text.LL_APB3_GRP1_EnableClock
                0x00000000080024b0       0x30 ./Core/Src/subghz.o
 .text.MX_SUBGHZ_Init
                0x00000000080024e0       0x24 ./Core/Src/subghz.o
                0x00000000080024e0                MX_SUBGHZ_Init
 .text.HAL_SUBGHZ_MspInit
                0x0000000008002504       0x26 ./Core/Src/subghz.o
                0x0000000008002504                HAL_SUBGHZ_MspInit
 .text.SystemApp_Init
                0x000000000800252a        0xc ./Core/Src/sys_app.o
                0x000000000800252a                SystemApp_Init
 *fill*         0x0000000008002536        0x2 
 .text.HAL_GetTick
                0x0000000008002538       0x28 ./Core/Src/sys_app.o
                0x0000000008002538                HAL_GetTick
 .text.HAL_Delay
                0x0000000008002560       0x18 ./Core/Src/sys_app.o
                0x0000000008002560                HAL_Delay
 .text._sbrk    0x0000000008002578       0x6c ./Core/Src/sysmem.o
                0x0000000008002578                _sbrk
 .text.SystemInit
                0x00000000080025e4        0xc ./Core/Src/system_stm32wlxx.o
                0x00000000080025e4                SystemInit
 .text.LL_APB1_GRP1_EnableClock
                0x00000000080025f0       0x30 ./Core/Src/tim.o
 .text.MX_TIM2_Init
                0x0000000008002620       0x9c ./Core/Src/tim.o
                0x0000000008002620                MX_TIM2_Init
 .text.HAL_TIM_Base_MspInit
                0x00000000080026bc       0x20 ./Core/Src/tim.o
                0x00000000080026bc                HAL_TIM_Base_MspInit
 .text.TIMER_IF_Init
                0x00000000080026dc       0x16 ./Core/Src/timer_if.o
                0x00000000080026dc                TIMER_IF_Init
 .text.TIMER_IF_StartTimer
                0x00000000080026f2       0x18 ./Core/Src/timer_if.o
                0x00000000080026f2                TIMER_IF_StartTimer
 .text.TIMER_IF_StopTimer
                0x000000000800270a       0x16 ./Core/Src/timer_if.o
                0x000000000800270a                TIMER_IF_StopTimer
 .text.TIMER_IF_SetTimerContext
                0x0000000008002720       0x14 ./Core/Src/timer_if.o
                0x0000000008002720                TIMER_IF_SetTimerContext
 .text.TIMER_IF_GetTimerContext
                0x0000000008002734       0x14 ./Core/Src/timer_if.o
                0x0000000008002734                TIMER_IF_GetTimerContext
 .text.TIMER_IF_GetTimerElapsedTime
                0x0000000008002748       0x16 ./Core/Src/timer_if.o
                0x0000000008002748                TIMER_IF_GetTimerElapsedTime
 .text.TIMER_IF_GetTimerValue
                0x000000000800275e       0x16 ./Core/Src/timer_if.o
                0x000000000800275e                TIMER_IF_GetTimerValue
 .text.TIMER_IF_GetMinimumTimeout
                0x0000000008002774       0x16 ./Core/Src/timer_if.o
                0x0000000008002774                TIMER_IF_GetMinimumTimeout
 .text.TIMER_IF_Convert_ms2Tick
                0x000000000800278a       0x18 ./Core/Src/timer_if.o
                0x000000000800278a                TIMER_IF_Convert_ms2Tick
 .text.TIMER_IF_Convert_Tick2ms
                0x00000000080027a2       0x18 ./Core/Src/timer_if.o
                0x00000000080027a2                TIMER_IF_Convert_Tick2ms
 .text.TIMER_IF_DelayMs
                0x00000000080027ba       0x12 ./Core/Src/timer_if.o
                0x00000000080027ba                TIMER_IF_DelayMs
 .text.LL_AHB2_GRP1_EnableClock
                0x00000000080027cc       0x30 ./Core/Src/usart.o
 .text.LL_APB1_GRP1_EnableClock
                0x00000000080027fc       0x30 ./Core/Src/usart.o
 .text.LL_APB1_GRP2_EnableClock
                0x000000000800282c       0x30 ./Core/Src/usart.o
 .text.LL_APB2_GRP1_EnableClock
                0x000000000800285c       0x30 ./Core/Src/usart.o
 .text.MX_LPUART1_UART_Init
                0x000000000800288c       0x9c ./Core/Src/usart.o
                0x000000000800288c                MX_LPUART1_UART_Init
 .text.MX_USART1_UART_Init
                0x0000000008002928       0x98 ./Core/Src/usart.o
                0x0000000008002928                MX_USART1_UART_Init
 .text.MX_USART2_UART_Init
                0x00000000080029c0       0x98 ./Core/Src/usart.o
                0x00000000080029c0                MX_USART2_UART_Init
 .text.HAL_UART_MspInit
                0x0000000008002a58      0x330 ./Core/Src/usart.o
                0x0000000008002a58                HAL_UART_MspInit
 .text.Reset_Handler
                0x0000000008002d88       0x50 ./Core/Startup/startup_stm32wl55jcix.o
                0x0000000008002d88                Reset_Handler
 .text.Default_Handler
                0x0000000008002dd8        0x2 ./Core/Startup/startup_stm32wl55jcix.o
                0x0000000008002dd8                DMA2_Channel3_IRQHandler
                0x0000000008002dd8                EXTI2_IRQHandler
                0x0000000008002dd8                TIM1_CC_IRQHandler
                0x0000000008002dd8                EXTI3_IRQHandler
                0x0000000008002dd8                LPTIM2_IRQHandler
                0x0000000008002dd8                I2C3_ER_IRQHandler
                0x0000000008002dd8                LPTIM3_IRQHandler
                0x0000000008002dd8                EXTI0_IRQHandler
                0x0000000008002dd8                I2C2_EV_IRQHandler
                0x0000000008002dd8                TAMP_STAMP_LSECSS_SSRU_IRQHandler
                0x0000000008002dd8                SPI1_IRQHandler
                0x0000000008002dd8                DMA2_Channel2_IRQHandler
                0x0000000008002dd8                PKA_IRQHandler
                0x0000000008002dd8                TIM17_IRQHandler
                0x0000000008002dd8                DMA1_Channel7_IRQHandler
                0x0000000008002dd8                SUBGHZSPI_IRQHandler
                0x0000000008002dd8                IPCC_C1_TX_IRQHandler
                0x0000000008002dd8                DMA2_Channel1_IRQHandler
                0x0000000008002dd8                I2C1_EV_IRQHandler
                0x0000000008002dd8                DMAMUX1_OVR_IRQHandler
                0x0000000008002dd8                DMA1_Channel6_IRQHandler
                0x0000000008002dd8                TIM16_IRQHandler
                0x0000000008002dd8                DMA2_Channel4_IRQHandler
                0x0000000008002dd8                RCC_IRQHandler
                0x0000000008002dd8                TIM1_TRG_COM_IRQHandler
                0x0000000008002dd8                Default_Handler
                0x0000000008002dd8                DMA2_Channel7_IRQHandler
                0x0000000008002dd8                EXTI15_10_IRQHandler
                0x0000000008002dd8                IPCC_C1_RX_IRQHandler
                0x0000000008002dd8                ADC_IRQHandler
                0x0000000008002dd8                C2SEV_PWR_C2H_IRQHandler
                0x0000000008002dd8                I2C3_EV_IRQHandler
                0x0000000008002dd8                EXTI9_5_IRQHandler
                0x0000000008002dd8                RTC_WKUP_IRQHandler
                0x0000000008002dd8                PVD_PVM_IRQHandler
                0x0000000008002dd8                SPI2_IRQHandler
                0x0000000008002dd8                DMA2_Channel5_IRQHandler
                0x0000000008002dd8                DMA1_Channel5_IRQHandler
                0x0000000008002dd8                EXTI4_IRQHandler
                0x0000000008002dd8                RNG_IRQHandler
                0x0000000008002dd8                COMP_IRQHandler
                0x0000000008002dd8                HSEM_IRQHandler
                0x0000000008002dd8                TIM1_UP_IRQHandler
                0x0000000008002dd8                WWDG_IRQHandler
                0x0000000008002dd8                DMA2_Channel6_IRQHandler
                0x0000000008002dd8                TIM2_IRQHandler
                0x0000000008002dd8                TIM1_BRK_IRQHandler
                0x0000000008002dd8                DAC_IRQHandler
                0x0000000008002dd8                EXTI1_IRQHandler
                0x0000000008002dd8                AES_IRQHandler
                0x0000000008002dd8                I2C2_ER_IRQHandler
                0x0000000008002dd8                FLASH_IRQHandler
                0x0000000008002dd8                I2C1_ER_IRQHandler
                0x0000000008002dd8                LPTIM1_IRQHandler
                0x0000000008002dd8                RTC_Alarm_IRQHandler
 *fill*         0x0000000008002dda        0x2 
 .text.HAL_Init
                0x0000000008002ddc       0x40 ./Drivers/STM32WLxx_HAL_Driver/Src/stm32wlxx_hal.o
                0x0000000008002ddc                HAL_Init
 .text.HAL_InitTick
                0x0000000008002e1c       0x74 ./Drivers/STM32WLxx_HAL_Driver/Src/stm32wlxx_hal.o
                0x0000000008002e1c                HAL_InitTick
 .text.HAL_IncTick
                0x0000000008002e90       0x24 ./Drivers/STM32WLxx_HAL_Driver/Src/stm32wlxx_hal.o
                0x0000000008002e90                HAL_IncTick
 .text.__NVIC_SetPriorityGrouping
                0x0000000008002eb4       0x48 ./Drivers/STM32WLxx_HAL_Driver/Src/stm32wlxx_hal_cortex.o
 .text.__NVIC_GetPriorityGrouping
                0x0000000008002efc       0x1c ./Drivers/STM32WLxx_HAL_Driver/Src/stm32wlxx_hal_cortex.o
 .text.__NVIC_EnableIRQ
                0x0000000008002f18       0x38 ./Drivers/STM32WLxx_HAL_Driver/Src/stm32wlxx_hal_cortex.o
 .text.__NVIC_SetPriority
                0x0000000008002f50       0x54 ./Drivers/STM32WLxx_HAL_Driver/Src/stm32wlxx_hal_cortex.o
 .text.NVIC_EncodePriority
                0x0000000008002fa4       0x64 ./Drivers/STM32WLxx_HAL_Driver/Src/stm32wlxx_hal_cortex.o
 .text.SysTick_Config
                0x0000000008003008       0x44 ./Drivers/STM32WLxx_HAL_Driver/Src/stm32wlxx_hal_cortex.o
 .text.HAL_NVIC_SetPriorityGrouping
                0x000000000800304c       0x16 ./Drivers/STM32WLxx_HAL_Driver/Src/stm32wlxx_hal_cortex.o
                0x000000000800304c                HAL_NVIC_SetPriorityGrouping
 .text.HAL_NVIC_SetPriority
                0x0000000008003062       0x34 ./Drivers/STM32WLxx_HAL_Driver/Src/stm32wlxx_hal_cortex.o
                0x0000000008003062                HAL_NVIC_SetPriority
 .text.HAL_NVIC_EnableIRQ
                0x0000000008003096       0x1c ./Drivers/STM32WLxx_HAL_Driver/Src/stm32wlxx_hal_cortex.o
                0x0000000008003096                HAL_NVIC_EnableIRQ
 .text.HAL_SYSTICK_Config
                0x00000000080030b2       0x18 ./Drivers/STM32WLxx_HAL_Driver/Src/stm32wlxx_hal_cortex.o
                0x00000000080030b2                HAL_SYSTICK_Config
 *fill*         0x00000000080030ca        0x2 
 .text.HAL_DMA_Init
                0x00000000080030cc      0x150 ./Drivers/STM32WLxx_HAL_Driver/Src/stm32wlxx_hal_dma.o
                0x00000000080030cc                HAL_DMA_Init
 .text.HAL_DMA_Start_IT
                0x000000000800321c       0xfc ./Drivers/STM32WLxx_HAL_Driver/Src/stm32wlxx_hal_dma.o
                0x000000000800321c                HAL_DMA_Start_IT
 .text.HAL_DMA_Abort
                0x0000000008003318       0xbc ./Drivers/STM32WLxx_HAL_Driver/Src/stm32wlxx_hal_dma.o
                0x0000000008003318                HAL_DMA_Abort
 .text.HAL_DMA_Abort_IT
                0x00000000080033d4       0xbe ./Drivers/STM32WLxx_HAL_Driver/Src/stm32wlxx_hal_dma.o
                0x00000000080033d4                HAL_DMA_Abort_IT
 *fill*         0x0000000008003492        0x2 
 .text.HAL_DMA_IRQHandler
                0x0000000008003494      0x18c ./Drivers/STM32WLxx_HAL_Driver/Src/stm32wlxx_hal_dma.o
                0x0000000008003494                HAL_DMA_IRQHandler
 .text.HAL_DMA_ConfigChannelAttributes
                0x0000000008003620       0x5e ./Drivers/STM32WLxx_HAL_Driver/Src/stm32wlxx_hal_dma.o
                0x0000000008003620                HAL_DMA_ConfigChannelAttributes
 .text.DMA_SetConfig
                0x000000000800367e       0x7a ./Drivers/STM32WLxx_HAL_Driver/Src/stm32wlxx_hal_dma.o
 .text.DMA_CalcDMAMUXChannelBaseAndMask
                0x00000000080036f8       0x90 ./Drivers/STM32WLxx_HAL_Driver/Src/stm32wlxx_hal_dma.o
 .text.DMA_CalcDMAMUXRequestGenBaseAndMask
                0x0000000008003788       0x48 ./Drivers/STM32WLxx_HAL_Driver/Src/stm32wlxx_hal_dma.o
 .text.HAL_GPIO_Init
                0x00000000080037d0      0x2c0 ./Drivers/STM32WLxx_HAL_Driver/Src/stm32wlxx_hal_gpio.o
                0x00000000080037d0                HAL_GPIO_Init
 .text.HAL_GPIO_WritePin
                0x0000000008003a90       0x2e ./Drivers/STM32WLxx_HAL_Driver/Src/stm32wlxx_hal_gpio.o
                0x0000000008003a90                HAL_GPIO_WritePin
 *fill*         0x0000000008003abe        0x2 
 .text.HAL_PWR_EnableBkUpAccess
                0x0000000008003ac0       0x1c ./Drivers/STM32WLxx_HAL_Driver/Src/stm32wlxx_hal_pwr.o
                0x0000000008003ac0                HAL_PWR_EnableBkUpAccess
 .text.HAL_PWREx_GetVoltageRange
                0x0000000008003adc       0x18 ./Drivers/STM32WLxx_HAL_Driver/Src/stm32wlxx_hal_pwr_ex.o
                0x0000000008003adc                HAL_PWREx_GetVoltageRange
 .text.LL_PWR_IsEnabledBkUpAccess
                0x0000000008003af4       0x24 ./Drivers/STM32WLxx_HAL_Driver/Src/stm32wlxx_hal_rcc.o
 .text.LL_RCC_HSE_EnableTcxo
                0x0000000008003b18       0x1c ./Drivers/STM32WLxx_HAL_Driver/Src/stm32wlxx_hal_rcc.o
 .text.LL_RCC_HSE_DisableTcxo
                0x0000000008003b34       0x1c ./Drivers/STM32WLxx_HAL_Driver/Src/stm32wlxx_hal_rcc.o
 .text.LL_RCC_HSE_IsEnabledDiv2
                0x0000000008003b50       0x22 ./Drivers/STM32WLxx_HAL_Driver/Src/stm32wlxx_hal_rcc.o
 .text.LL_RCC_HSE_Enable
                0x0000000008003b72       0x1c ./Drivers/STM32WLxx_HAL_Driver/Src/stm32wlxx_hal_rcc.o
 .text.LL_RCC_HSE_Disable
                0x0000000008003b8e       0x1c ./Drivers/STM32WLxx_HAL_Driver/Src/stm32wlxx_hal_rcc.o
 .text.LL_RCC_HSE_IsReady
                0x0000000008003baa       0x22 ./Drivers/STM32WLxx_HAL_Driver/Src/stm32wlxx_hal_rcc.o
 .text.LL_RCC_HSI_Enable
                0x0000000008003bcc       0x1c ./Drivers/STM32WLxx_HAL_Driver/Src/stm32wlxx_hal_rcc.o
 .text.LL_RCC_HSI_Disable
                0x0000000008003be8       0x1c ./Drivers/STM32WLxx_HAL_Driver/Src/stm32wlxx_hal_rcc.o
 .text.LL_RCC_HSI_IsReady
                0x0000000008003c04       0x22 ./Drivers/STM32WLxx_HAL_Driver/Src/stm32wlxx_hal_rcc.o
 .text.LL_RCC_HSI_SetCalibTrimming
                0x0000000008003c26       0x28 ./Drivers/STM32WLxx_HAL_Driver/Src/stm32wlxx_hal_rcc.o
 .text.LL_RCC_LSE_IsReady
                0x0000000008003c4e       0x22 ./Drivers/STM32WLxx_HAL_Driver/Src/stm32wlxx_hal_rcc.o
 .text.LL_RCC_LSI_Enable
                0x0000000008003c70       0x20 ./Drivers/STM32WLxx_HAL_Driver/Src/stm32wlxx_hal_rcc.o
 .text.LL_RCC_LSI_Disable
                0x0000000008003c90       0x20 ./Drivers/STM32WLxx_HAL_Driver/Src/stm32wlxx_hal_rcc.o
 .text.LL_RCC_LSI_IsReady
                0x0000000008003cb0       0x22 ./Drivers/STM32WLxx_HAL_Driver/Src/stm32wlxx_hal_rcc.o
 .text.LL_RCC_MSI_Enable
                0x0000000008003cd2       0x1c ./Drivers/STM32WLxx_HAL_Driver/Src/stm32wlxx_hal_rcc.o
 .text.LL_RCC_MSI_Disable
                0x0000000008003cee       0x1c ./Drivers/STM32WLxx_HAL_Driver/Src/stm32wlxx_hal_rcc.o
 .text.LL_RCC_MSI_IsReady
                0x0000000008003d0a       0x20 ./Drivers/STM32WLxx_HAL_Driver/Src/stm32wlxx_hal_rcc.o
 .text.LL_RCC_MSI_IsEnabledRangeSelect
                0x0000000008003d2a       0x20 ./Drivers/STM32WLxx_HAL_Driver/Src/stm32wlxx_hal_rcc.o
 .text.LL_RCC_MSI_GetRange
                0x0000000008003d4a       0x16 ./Drivers/STM32WLxx_HAL_Driver/Src/stm32wlxx_hal_rcc.o
 .text.LL_RCC_MSI_GetRangeAfterStandby
                0x0000000008003d60       0x18 ./Drivers/STM32WLxx_HAL_Driver/Src/stm32wlxx_hal_rcc.o
 .text.LL_RCC_MSI_SetCalibTrimming
                0x0000000008003d78       0x28 ./Drivers/STM32WLxx_HAL_Driver/Src/stm32wlxx_hal_rcc.o
 .text.LL_RCC_SetSysClkSource
                0x0000000008003da0       0x26 ./Drivers/STM32WLxx_HAL_Driver/Src/stm32wlxx_hal_rcc.o
 .text.LL_RCC_GetSysClkSource
                0x0000000008003dc6       0x16 ./Drivers/STM32WLxx_HAL_Driver/Src/stm32wlxx_hal_rcc.o
 .text.LL_RCC_SetAHBPrescaler
                0x0000000008003ddc       0x26 ./Drivers/STM32WLxx_HAL_Driver/Src/stm32wlxx_hal_rcc.o
 .text.LL_C2_RCC_SetAHBPrescaler
                0x0000000008003e02       0x2a ./Drivers/STM32WLxx_HAL_Driver/Src/stm32wlxx_hal_rcc.o
 .text.LL_RCC_SetAHB3Prescaler
                0x0000000008003e2c       0x2c ./Drivers/STM32WLxx_HAL_Driver/Src/stm32wlxx_hal_rcc.o
 .text.LL_RCC_SetAPB1Prescaler
                0x0000000008003e58       0x26 ./Drivers/STM32WLxx_HAL_Driver/Src/stm32wlxx_hal_rcc.o
 .text.LL_RCC_SetAPB2Prescaler
                0x0000000008003e7e       0x26 ./Drivers/STM32WLxx_HAL_Driver/Src/stm32wlxx_hal_rcc.o
 .text.LL_RCC_GetAHBPrescaler
                0x0000000008003ea4       0x16 ./Drivers/STM32WLxx_HAL_Driver/Src/stm32wlxx_hal_rcc.o
 .text.LL_RCC_GetAHB3Prescaler
                0x0000000008003eba       0x1a ./Drivers/STM32WLxx_HAL_Driver/Src/stm32wlxx_hal_rcc.o
 .text.LL_RCC_GetAPB1Prescaler
                0x0000000008003ed4       0x16 ./Drivers/STM32WLxx_HAL_Driver/Src/stm32wlxx_hal_rcc.o
 .text.LL_RCC_GetAPB2Prescaler
                0x0000000008003eea       0x16 ./Drivers/STM32WLxx_HAL_Driver/Src/stm32wlxx_hal_rcc.o
 .text.LL_RCC_PLL_Enable
                0x0000000008003f00       0x1c ./Drivers/STM32WLxx_HAL_Driver/Src/stm32wlxx_hal_rcc.o
 .text.LL_RCC_PLL_Disable
                0x0000000008003f1c       0x1c ./Drivers/STM32WLxx_HAL_Driver/Src/stm32wlxx_hal_rcc.o
 .text.LL_RCC_PLL_IsReady
                0x0000000008003f38       0x22 ./Drivers/STM32WLxx_HAL_Driver/Src/stm32wlxx_hal_rcc.o
 .text.LL_RCC_PLL_GetN
                0x0000000008003f5a       0x18 ./Drivers/STM32WLxx_HAL_Driver/Src/stm32wlxx_hal_rcc.o
 .text.LL_RCC_PLL_GetR
                0x0000000008003f72       0x16 ./Drivers/STM32WLxx_HAL_Driver/Src/stm32wlxx_hal_rcc.o
 .text.LL_RCC_PLL_GetDivider
                0x0000000008003f88       0x16 ./Drivers/STM32WLxx_HAL_Driver/Src/stm32wlxx_hal_rcc.o
 .text.LL_RCC_PLL_GetMainSource
                0x0000000008003f9e       0x16 ./Drivers/STM32WLxx_HAL_Driver/Src/stm32wlxx_hal_rcc.o
 .text.LL_RCC_IsActiveFlag_HPRE
                0x0000000008003fb4       0x22 ./Drivers/STM32WLxx_HAL_Driver/Src/stm32wlxx_hal_rcc.o
 .text.LL_RCC_IsActiveFlag_C2HPRE
                0x0000000008003fd6       0x24 ./Drivers/STM32WLxx_HAL_Driver/Src/stm32wlxx_hal_rcc.o
 .text.LL_RCC_IsActiveFlag_SHDHPRE
                0x0000000008003ffa       0x24 ./Drivers/STM32WLxx_HAL_Driver/Src/stm32wlxx_hal_rcc.o
 .text.LL_RCC_IsActiveFlag_PPRE1
                0x000000000800401e       0x22 ./Drivers/STM32WLxx_HAL_Driver/Src/stm32wlxx_hal_rcc.o
 .text.LL_RCC_IsActiveFlag_PPRE2
                0x0000000008004040       0x22 ./Drivers/STM32WLxx_HAL_Driver/Src/stm32wlxx_hal_rcc.o
 *fill*         0x0000000008004062        0x2 
 .text.HAL_RCC_OscConfig
                0x0000000008004064      0x704 ./Drivers/STM32WLxx_HAL_Driver/Src/stm32wlxx_hal_rcc.o
                0x0000000008004064                HAL_RCC_OscConfig
 .text.HAL_RCC_ClockConfig
                0x0000000008004768      0x284 ./Drivers/STM32WLxx_HAL_Driver/Src/stm32wlxx_hal_rcc.o
                0x0000000008004768                HAL_RCC_ClockConfig
 .text.HAL_RCC_GetSysClockFreq
                0x00000000080049ec      0x140 ./Drivers/STM32WLxx_HAL_Driver/Src/stm32wlxx_hal_rcc.o
                0x00000000080049ec                HAL_RCC_GetSysClockFreq
 .text.HAL_RCC_GetHCLKFreq
                0x0000000008004b2c       0x28 ./Drivers/STM32WLxx_HAL_Driver/Src/stm32wlxx_hal_rcc.o
                0x0000000008004b2c                HAL_RCC_GetHCLKFreq
 .text.HAL_RCC_GetPCLK1Freq
                0x0000000008004b54       0x24 ./Drivers/STM32WLxx_HAL_Driver/Src/stm32wlxx_hal_rcc.o
                0x0000000008004b54                HAL_RCC_GetPCLK1Freq
 .text.HAL_RCC_GetPCLK2Freq
                0x0000000008004b78       0x24 ./Drivers/STM32WLxx_HAL_Driver/Src/stm32wlxx_hal_rcc.o
                0x0000000008004b78                HAL_RCC_GetPCLK2Freq
 .text.RCC_SetFlashLatencyFromMSIRange
                0x0000000008004b9c       0x60 ./Drivers/STM32WLxx_HAL_Driver/Src/stm32wlxx_hal_rcc.o
 .text.RCC_SetFlashLatency
                0x0000000008004bfc      0x104 ./Drivers/STM32WLxx_HAL_Driver/Src/stm32wlxx_hal_rcc.o
 .text.LL_RCC_LSE_IsReady
                0x0000000008004d00       0x22 ./Drivers/STM32WLxx_HAL_Driver/Src/stm32wlxx_hal_rcc_ex.o
 .text.LL_RCC_SetUSARTClockSource
                0x0000000008004d22       0x30 ./Drivers/STM32WLxx_HAL_Driver/Src/stm32wlxx_hal_rcc_ex.o
 .text.LL_RCC_SetI2SClockSource
                0x0000000008004d52       0x2a ./Drivers/STM32WLxx_HAL_Driver/Src/stm32wlxx_hal_rcc_ex.o
 .text.LL_RCC_SetLPUARTClockSource
                0x0000000008004d7c       0x2a ./Drivers/STM32WLxx_HAL_Driver/Src/stm32wlxx_hal_rcc_ex.o
 .text.LL_RCC_SetI2CClockSource
                0x0000000008004da6       0x38 ./Drivers/STM32WLxx_HAL_Driver/Src/stm32wlxx_hal_rcc_ex.o
 .text.LL_RCC_SetLPTIMClockSource
                0x0000000008004dde       0x32 ./Drivers/STM32WLxx_HAL_Driver/Src/stm32wlxx_hal_rcc_ex.o
 .text.LL_RCC_SetRNGClockSource
                0x0000000008004e10       0x2a ./Drivers/STM32WLxx_HAL_Driver/Src/stm32wlxx_hal_rcc_ex.o
 .text.LL_RCC_SetADCClockSource
                0x0000000008004e3a       0x2a ./Drivers/STM32WLxx_HAL_Driver/Src/stm32wlxx_hal_rcc_ex.o
 .text.LL_RCC_SetRTCClockSource
                0x0000000008004e64       0x2a ./Drivers/STM32WLxx_HAL_Driver/Src/stm32wlxx_hal_rcc_ex.o
 .text.LL_RCC_GetRTCClockSource
                0x0000000008004e8e       0x18 ./Drivers/STM32WLxx_HAL_Driver/Src/stm32wlxx_hal_rcc_ex.o
 .text.LL_RCC_ForceBackupDomainReset
                0x0000000008004ea6       0x20 ./Drivers/STM32WLxx_HAL_Driver/Src/stm32wlxx_hal_rcc_ex.o
 .text.LL_RCC_ReleaseBackupDomainReset
                0x0000000008004ec6       0x20 ./Drivers/STM32WLxx_HAL_Driver/Src/stm32wlxx_hal_rcc_ex.o
 *fill*         0x0000000008004ee6        0x2 
 .text.HAL_RCCEx_PeriphCLKConfig
                0x0000000008004ee8      0x234 ./Drivers/STM32WLxx_HAL_Driver/Src/stm32wlxx_hal_rcc_ex.o
                0x0000000008004ee8                HAL_RCCEx_PeriphCLKConfig
 .text.LL_PWR_SetRadioBusyTrigger
                0x000000000800511c       0x28 ./Drivers/STM32WLxx_HAL_Driver/Src/stm32wlxx_hal_subghz.o
 .text.LL_PWR_UnselectSUBGHZSPI_NSS
                0x0000000008005144       0x20 ./Drivers/STM32WLxx_HAL_Driver/Src/stm32wlxx_hal_subghz.o
 .text.LL_PWR_SelectSUBGHZSPI_NSS
                0x0000000008005164       0x20 ./Drivers/STM32WLxx_HAL_Driver/Src/stm32wlxx_hal_subghz.o
 .text.LL_PWR_ClearFlag_RFBUSY
                0x0000000008005184       0x18 ./Drivers/STM32WLxx_HAL_Driver/Src/stm32wlxx_hal_subghz.o
 .text.LL_PWR_IsActiveFlag_RFBUSYS
                0x000000000800519c       0x24 ./Drivers/STM32WLxx_HAL_Driver/Src/stm32wlxx_hal_subghz.o
 .text.LL_PWR_IsActiveFlag_RFBUSYMS
                0x00000000080051c0       0x24 ./Drivers/STM32WLxx_HAL_Driver/Src/stm32wlxx_hal_subghz.o
 .text.LL_RCC_RF_DisableReset
                0x00000000080051e4       0x20 ./Drivers/STM32WLxx_HAL_Driver/Src/stm32wlxx_hal_subghz.o
 .text.LL_RCC_IsRFUnderReset
                0x0000000008005204       0x24 ./Drivers/STM32WLxx_HAL_Driver/Src/stm32wlxx_hal_subghz.o
 .text.LL_EXTI_EnableIT_32_63
                0x0000000008005228       0x28 ./Drivers/STM32WLxx_HAL_Driver/Src/stm32wlxx_hal_subghz.o
 .text.HAL_SUBGHZ_Init
                0x0000000008005250       0xc8 ./Drivers/STM32WLxx_HAL_Driver/Src/stm32wlxx_hal_subghz.o
                0x0000000008005250                HAL_SUBGHZ_Init
 .text.HAL_SUBGHZ_WriteRegisters
                0x0000000008005318       0xbe ./Drivers/STM32WLxx_HAL_Driver/Src/stm32wlxx_hal_subghz.o
                0x0000000008005318                HAL_SUBGHZ_WriteRegisters
 .text.HAL_SUBGHZ_ReadRegisters
                0x00000000080053d6       0xc2 ./Drivers/STM32WLxx_HAL_Driver/Src/stm32wlxx_hal_subghz.o
                0x00000000080053d6                HAL_SUBGHZ_ReadRegisters
 .text.HAL_SUBGHZ_ExecSetCmd
                0x0000000008005498       0xbe ./Drivers/STM32WLxx_HAL_Driver/Src/stm32wlxx_hal_subghz.o
                0x0000000008005498                HAL_SUBGHZ_ExecSetCmd
 .text.HAL_SUBGHZ_ExecGetCmd
                0x0000000008005556       0xa8 ./Drivers/STM32WLxx_HAL_Driver/Src/stm32wlxx_hal_subghz.o
                0x0000000008005556                HAL_SUBGHZ_ExecGetCmd
 .text.HAL_SUBGHZ_WriteBuffer
                0x00000000080055fe       0xa6 ./Drivers/STM32WLxx_HAL_Driver/Src/stm32wlxx_hal_subghz.o
                0x00000000080055fe                HAL_SUBGHZ_WriteBuffer
 .text.HAL_SUBGHZ_ReadBuffer
                0x00000000080056a4       0xb0 ./Drivers/STM32WLxx_HAL_Driver/Src/stm32wlxx_hal_subghz.o
                0x00000000080056a4                HAL_SUBGHZ_ReadBuffer
 .text.HAL_SUBGHZ_IRQHandler
                0x0000000008005754       0xfa ./Drivers/STM32WLxx_HAL_Driver/Src/stm32wlxx_hal_subghz.o
                0x0000000008005754                HAL_SUBGHZ_IRQHandler
 *fill*         0x000000000800584e        0x2 
 .text.SUBGHZSPI_Init
                0x0000000008005850       0x40 ./Drivers/STM32WLxx_HAL_Driver/Src/stm32wlxx_hal_subghz.o
                0x0000000008005850                SUBGHZSPI_Init
 .text.SUBGHZSPI_Transmit
                0x0000000008005890       0xac ./Drivers/STM32WLxx_HAL_Driver/Src/stm32wlxx_hal_subghz.o
                0x0000000008005890                SUBGHZSPI_Transmit
 .text.SUBGHZSPI_Receive
                0x000000000800593c       0xb0 ./Drivers/STM32WLxx_HAL_Driver/Src/stm32wlxx_hal_subghz.o
                0x000000000800593c                SUBGHZSPI_Receive
 .text.SUBGHZ_CheckDeviceReady
                0x00000000080059ec       0x48 ./Drivers/STM32WLxx_HAL_Driver/Src/stm32wlxx_hal_subghz.o
                0x00000000080059ec                SUBGHZ_CheckDeviceReady
 .text.SUBGHZ_WaitOnBusy
                0x0000000008005a34       0x5c ./Drivers/STM32WLxx_HAL_Driver/Src/stm32wlxx_hal_subghz.o
                0x0000000008005a34                SUBGHZ_WaitOnBusy
 .text.HAL_TIM_Base_Init
                0x0000000008005a90       0xae ./Drivers/STM32WLxx_HAL_Driver/Src/stm32wlxx_hal_tim.o
                0x0000000008005a90                HAL_TIM_Base_Init
 *fill*         0x0000000008005b3e        0x2 
 .text.HAL_TIM_Base_Start
                0x0000000008005b40       0x88 ./Drivers/STM32WLxx_HAL_Driver/Src/stm32wlxx_hal_tim.o
                0x0000000008005b40                HAL_TIM_Base_Start
 .text.HAL_TIM_ConfigClockSource
                0x0000000008005bc8      0x192 ./Drivers/STM32WLxx_HAL_Driver/Src/stm32wlxx_hal_tim.o
                0x0000000008005bc8                HAL_TIM_ConfigClockSource
 *fill*         0x0000000008005d5a        0x2 
 .text.TIM_Base_SetConfig
                0x0000000008005d5c       0xc4 ./Drivers/STM32WLxx_HAL_Driver/Src/stm32wlxx_hal_tim.o
                0x0000000008005d5c                TIM_Base_SetConfig
 .text.TIM_TI1_ConfigInputStage
                0x0000000008005e20       0x5c ./Drivers/STM32WLxx_HAL_Driver/Src/stm32wlxx_hal_tim.o
 .text.TIM_TI2_ConfigInputStage
                0x0000000008005e7c       0x5e ./Drivers/STM32WLxx_HAL_Driver/Src/stm32wlxx_hal_tim.o
 .text.TIM_ITRx_SetConfig
                0x0000000008005eda       0x38 ./Drivers/STM32WLxx_HAL_Driver/Src/stm32wlxx_hal_tim.o
 .text.TIM_ETR_SetConfig
                0x0000000008005f12       0x3e ./Drivers/STM32WLxx_HAL_Driver/Src/stm32wlxx_hal_tim.o
                0x0000000008005f12                TIM_ETR_SetConfig
 .text.HAL_TIMEx_MasterConfigSynchronization
                0x0000000008005f50       0xbc ./Drivers/STM32WLxx_HAL_Driver/Src/stm32wlxx_hal_tim_ex.o
                0x0000000008005f50                HAL_TIMEx_MasterConfigSynchronization
 .text.LL_RCC_GetUSARTClockSource
                0x000000000800600c       0x24 ./Drivers/STM32WLxx_HAL_Driver/Src/stm32wlxx_hal_uart.o
 .text.LL_RCC_GetLPUARTClockSource
                0x0000000008006030       0x1e ./Drivers/STM32WLxx_HAL_Driver/Src/stm32wlxx_hal_uart.o
 .text.HAL_UART_Init
                0x000000000800604e       0xa0 ./Drivers/STM32WLxx_HAL_Driver/Src/stm32wlxx_hal_uart.o
                0x000000000800604e                HAL_UART_Init
 .text.HAL_UART_Transmit
                0x00000000080060ee      0x10c ./Drivers/STM32WLxx_HAL_Driver/Src/stm32wlxx_hal_uart.o
                0x00000000080060ee                HAL_UART_Transmit
 .text.HAL_UART_Receive
                0x00000000080061fa      0x188 ./Drivers/STM32WLxx_HAL_Driver/Src/stm32wlxx_hal_uart.o
                0x00000000080061fa                HAL_UART_Receive
 *fill*         0x0000000008006382        0x2 
 .text.HAL_UART_Receive_DMA
                0x0000000008006384       0x98 ./Drivers/STM32WLxx_HAL_Driver/Src/stm32wlxx_hal_uart.o
                0x0000000008006384                HAL_UART_Receive_DMA
 .text.HAL_UART_IRQHandler
                0x000000000800641c      0x648 ./Drivers/STM32WLxx_HAL_Driver/Src/stm32wlxx_hal_uart.o
                0x000000000800641c                HAL_UART_IRQHandler
 .text.HAL_UART_TxCpltCallback
                0x0000000008006a64       0x12 ./Drivers/STM32WLxx_HAL_Driver/Src/stm32wlxx_hal_uart.o
                0x0000000008006a64                HAL_UART_TxCpltCallback
 .text.HAL_UART_RxHalfCpltCallback
                0x0000000008006a76       0x12 ./Drivers/STM32WLxx_HAL_Driver/Src/stm32wlxx_hal_uart.o
                0x0000000008006a76                HAL_UART_RxHalfCpltCallback
 .text.HAL_UART_ErrorCallback
                0x0000000008006a88       0x12 ./Drivers/STM32WLxx_HAL_Driver/Src/stm32wlxx_hal_uart.o
                0x0000000008006a88                HAL_UART_ErrorCallback
 .text.HAL_UARTEx_RxEventCallback
                0x0000000008006a9a       0x16 ./Drivers/STM32WLxx_HAL_Driver/Src/stm32wlxx_hal_uart.o
                0x0000000008006a9a                HAL_UARTEx_RxEventCallback
 .text.UART_SetConfig
                0x0000000008006ab0      0x4e8 ./Drivers/STM32WLxx_HAL_Driver/Src/stm32wlxx_hal_uart.o
                0x0000000008006ab0                UART_SetConfig
 .text.UART_AdvFeatureConfig
                0x0000000008006f98      0x142 ./Drivers/STM32WLxx_HAL_Driver/Src/stm32wlxx_hal_uart.o
                0x0000000008006f98                UART_AdvFeatureConfig
 .text.UART_CheckIdleState
                0x00000000080070da       0x9c ./Drivers/STM32WLxx_HAL_Driver/Src/stm32wlxx_hal_uart.o
                0x00000000080070da                UART_CheckIdleState
 .text.UART_WaitOnFlagUntilTimeout
                0x0000000008007176      0x190 ./Drivers/STM32WLxx_HAL_Driver/Src/stm32wlxx_hal_uart.o
                0x0000000008007176                UART_WaitOnFlagUntilTimeout
 *fill*         0x0000000008007306        0x2 
 .text.UART_Start_Receive_DMA
                0x0000000008007308      0x14c ./Drivers/STM32WLxx_HAL_Driver/Src/stm32wlxx_hal_uart.o
                0x0000000008007308                UART_Start_Receive_DMA
 .text.UART_EndTxTransfer
                0x0000000008007454       0x80 ./Drivers/STM32WLxx_HAL_Driver/Src/stm32wlxx_hal_uart.o
 .text.UART_EndRxTransfer
                0x00000000080074d4       0xca ./Drivers/STM32WLxx_HAL_Driver/Src/stm32wlxx_hal_uart.o
 .text.UART_DMAReceiveCplt
                0x000000000800759e      0x12c ./Drivers/STM32WLxx_HAL_Driver/Src/stm32wlxx_hal_uart.o
 .text.UART_DMARxHalfCplt
                0x00000000080076ca       0x3e ./Drivers/STM32WLxx_HAL_Driver/Src/stm32wlxx_hal_uart.o
 .text.UART_DMAError
                0x0000000008007708       0x80 ./Drivers/STM32WLxx_HAL_Driver/Src/stm32wlxx_hal_uart.o
 .text.UART_DMAAbortOnError
                0x0000000008007788       0x2c ./Drivers/STM32WLxx_HAL_Driver/Src/stm32wlxx_hal_uart.o
 .text.UART_EndTransmit_IT
                0x00000000080077b4       0x56 ./Drivers/STM32WLxx_HAL_Driver/Src/stm32wlxx_hal_uart.o
 .text.HAL_UARTEx_WakeupCallback
                0x000000000800780a       0x12 ./Drivers/STM32WLxx_HAL_Driver/Src/stm32wlxx_hal_uart_ex.o
                0x000000000800780a                HAL_UARTEx_WakeupCallback
 .text.HAL_UARTEx_RxFifoFullCallback
                0x000000000800781c       0x12 ./Drivers/STM32WLxx_HAL_Driver/Src/stm32wlxx_hal_uart_ex.o
                0x000000000800781c                HAL_UARTEx_RxFifoFullCallback
 .text.HAL_UARTEx_TxFifoEmptyCallback
                0x000000000800782e       0x12 ./Drivers/STM32WLxx_HAL_Driver/Src/stm32wlxx_hal_uart_ex.o
                0x000000000800782e                HAL_UARTEx_TxFifoEmptyCallback
 .text.HAL_UARTEx_DisableFifoMode
                0x0000000008007840       0x70 ./Drivers/STM32WLxx_HAL_Driver/Src/stm32wlxx_hal_uart_ex.o
                0x0000000008007840                HAL_UARTEx_DisableFifoMode
 .text.HAL_UARTEx_SetTxFifoThreshold
                0x00000000080078b0       0x7c ./Drivers/STM32WLxx_HAL_Driver/Src/stm32wlxx_hal_uart_ex.o
                0x00000000080078b0                HAL_UARTEx_SetTxFifoThreshold
 .text.HAL_UARTEx_SetRxFifoThreshold
                0x000000000800792c       0x7c ./Drivers/STM32WLxx_HAL_Driver/Src/stm32wlxx_hal_uart_ex.o
                0x000000000800792c                HAL_UARTEx_SetRxFifoThreshold
 .text.UARTEx_SetNbDataToProcess
                0x00000000080079a8       0x98 ./Drivers/STM32WLxx_HAL_Driver/Src/stm32wlxx_hal_uart_ex.o
 .text.RadioInit
                0x0000000008007a40       0xb8 ./Middlewares/Third_Party/SubGHz_Phy/stm32_radio_driver/radio.o
 .text.RadioGetStatus
                0x0000000008007af8       0x2e ./Middlewares/Third_Party/SubGHz_Phy/stm32_radio_driver/radio.o
 *fill*         0x0000000008007b26        0x2 
 .text.RadioSetModem
                0x0000000008007b28       0xb8 ./Middlewares/Third_Party/SubGHz_Phy/stm32_radio_driver/radio.o
 .text.RadioSetChannel
                0x0000000008007be0       0x16 ./Middlewares/Third_Party/SubGHz_Phy/stm32_radio_driver/radio.o
 .text.RadioIsChannelFree
                0x0000000008007bf6       0xb4 ./Middlewares/Third_Party/SubGHz_Phy/stm32_radio_driver/radio.o
 .text.RadioRandom
                0x0000000008007caa       0x26 ./Middlewares/Third_Party/SubGHz_Phy/stm32_radio_driver/radio.o
 .text.RadioSetRxConfig
                0x0000000008007cd0      0x418 ./Middlewares/Third_Party/SubGHz_Phy/stm32_radio_driver/radio.o
 .text.RadioSetTxConfig
                0x00000000080080e8      0x224 ./Middlewares/Third_Party/SubGHz_Phy/stm32_radio_driver/radio.o
 .text.RadioCheckRfFrequency
                0x000000000800830c       0x14 ./Middlewares/Third_Party/SubGHz_Phy/stm32_radio_driver/radio.o
 .text.RadioGetLoRaBandwidthInHz
                0x0000000008008320       0xac ./Middlewares/Third_Party/SubGHz_Phy/stm32_radio_driver/radio.o
 .text.RadioGetGfskTimeOnAirNumerator
                0x00000000080083cc       0x54 ./Middlewares/Third_Party/SubGHz_Phy/stm32_radio_driver/radio.o
 .text.RadioGetLoRaTimeOnAirNumerator
                0x0000000008008420      0x102 ./Middlewares/Third_Party/SubGHz_Phy/stm32_radio_driver/radio.o
 *fill*         0x0000000008008522        0x2 
 .text.RadioTimeOnAir
                0x0000000008008524       0xb0 ./Middlewares/Third_Party/SubGHz_Phy/stm32_radio_driver/radio.o
 .text.RadioSend
                0x00000000080085d4      0x1f0 ./Middlewares/Third_Party/SubGHz_Phy/stm32_radio_driver/radio.o
 .text.RadioSleep
                0x00000000080087c4       0x26 ./Middlewares/Third_Party/SubGHz_Phy/stm32_radio_driver/radio.o
 .text.RadioStandby
                0x00000000080087ea        0xe ./Middlewares/Third_Party/SubGHz_Phy/stm32_radio_driver/radio.o
 .text.RadioRx  0x00000000080087f8       0x80 ./Middlewares/Third_Party/SubGHz_Phy/stm32_radio_driver/radio.o
 .text.RadioRxBoosted
                0x0000000008008878       0x80 ./Middlewares/Third_Party/SubGHz_Phy/stm32_radio_driver/radio.o
 .text.RadioSetRxDutyCycle
                0x00000000080088f8       0x48 ./Middlewares/Third_Party/SubGHz_Phy/stm32_radio_driver/radio.o
 .text.RadioStartCad
                0x0000000008008940       0x30 ./Middlewares/Third_Party/SubGHz_Phy/stm32_radio_driver/radio.o
 .text.RadioSetTxContinuousWave
                0x0000000008008970       0x64 ./Middlewares/Third_Party/SubGHz_Phy/stm32_radio_driver/radio.o
 .text.RadioRssi
                0x00000000080089d4       0x1a ./Middlewares/Third_Party/SubGHz_Phy/stm32_radio_driver/radio.o
 .text.RadioWrite
                0x00000000080089ee       0x24 ./Middlewares/Third_Party/SubGHz_Phy/stm32_radio_driver/radio.o
 .text.RadioRead
                0x0000000008008a12       0x1c ./Middlewares/Third_Party/SubGHz_Phy/stm32_radio_driver/radio.o
 .text.RadioWriteRegisters
                0x0000000008008a2e       0x26 ./Middlewares/Third_Party/SubGHz_Phy/stm32_radio_driver/radio.o
 .text.RadioReadRegisters
                0x0000000008008a54       0x26 ./Middlewares/Third_Party/SubGHz_Phy/stm32_radio_driver/radio.o
 *fill*         0x0000000008008a7a        0x2 
 .text.RadioSetMaxPayloadLength
                0x0000000008008a7c       0x5c ./Middlewares/Third_Party/SubGHz_Phy/stm32_radio_driver/radio.o
 .text.RadioSetPublicNetwork
                0x0000000008008ad8       0x5c ./Middlewares/Third_Party/SubGHz_Phy/stm32_radio_driver/radio.o
 .text.RadioGetWakeupTime
                0x0000000008008b34       0x10 ./Middlewares/Third_Party/SubGHz_Phy/stm32_radio_driver/radio.o
 .text.RadioOnTxTimeoutIrq
                0x0000000008008b44       0x14 ./Middlewares/Third_Party/SubGHz_Phy/stm32_radio_driver/radio.o
 .text.RadioOnRxTimeoutIrq
                0x0000000008008b58       0x14 ./Middlewares/Third_Party/SubGHz_Phy/stm32_radio_driver/radio.o
 .text.RadioOnTxTimeoutProcess
                0x0000000008008b6c       0x28 ./Middlewares/Third_Party/SubGHz_Phy/stm32_radio_driver/radio.o
 .text.RadioOnRxTimeoutProcess
                0x0000000008008b94       0x28 ./Middlewares/Third_Party/SubGHz_Phy/stm32_radio_driver/radio.o
 .text.RadioOnDioIrq
                0x0000000008008bbc       0x24 ./Middlewares/Third_Party/SubGHz_Phy/stm32_radio_driver/radio.o
 .text.RadioIrqProcess
                0x0000000008008be0      0x3e8 ./Middlewares/Third_Party/SubGHz_Phy/stm32_radio_driver/radio.o
 .text.RadioTxPrbs
                0x0000000008008fc8       0x38 ./Middlewares/Third_Party/SubGHz_Phy/stm32_radio_driver/radio.o
 .text.RadioTxCw
                0x0000000008009000       0x38 ./Middlewares/Third_Party/SubGHz_Phy/stm32_radio_driver/radio.o
 .text.payload_integration
                0x0000000008009038      0x120 ./Middlewares/Third_Party/SubGHz_Phy/stm32_radio_driver/radio.o
 .text.RadioSetRxGenericConfig
                0x0000000008009158      0x388 ./Middlewares/Third_Party/SubGHz_Phy/stm32_radio_driver/radio.o
 .text.RadioSetTxGenericConfig
                0x00000000080094e0      0x46c ./Middlewares/Third_Party/SubGHz_Phy/stm32_radio_driver/radio.o
 .text.RadioLrFhssSetCfg
                0x000000000800994c       0x18 ./Middlewares/Third_Party/SubGHz_Phy/stm32_radio_driver/radio.o
 .text.RadioLrFhssGetTimeOnAirInMs
                0x0000000008009964       0x16 ./Middlewares/Third_Party/SubGHz_Phy/stm32_radio_driver/radio.o
 *fill*         0x000000000800997a        0x2 
 .text.SUBGRF_Init
                0x000000000800997c       0x90 ./Middlewares/Third_Party/SubGHz_Phy/stm32_radio_driver/radio_driver.o
                0x000000000800997c                SUBGRF_Init
 .text.SUBGRF_GetOperatingMode
                0x0000000008009a0c       0x14 ./Middlewares/Third_Party/SubGHz_Phy/stm32_radio_driver/radio_driver.o
                0x0000000008009a0c                SUBGRF_GetOperatingMode
 .text.SUBGRF_SetPayload
                0x0000000008009a20       0x20 ./Middlewares/Third_Party/SubGHz_Phy/stm32_radio_driver/radio_driver.o
                0x0000000008009a20                SUBGRF_SetPayload
 .text.SUBGRF_GetPayload
                0x0000000008009a40       0x44 ./Middlewares/Third_Party/SubGHz_Phy/stm32_radio_driver/radio_driver.o
                0x0000000008009a40                SUBGRF_GetPayload
 .text.SUBGRF_SendPayload
                0x0000000008009a84       0x26 ./Middlewares/Third_Party/SubGHz_Phy/stm32_radio_driver/radio_driver.o
                0x0000000008009a84                SUBGRF_SendPayload
 .text.SUBGRF_SetSyncWord
                0x0000000008009aaa       0x1e ./Middlewares/Third_Party/SubGHz_Phy/stm32_radio_driver/radio_driver.o
                0x0000000008009aaa                SUBGRF_SetSyncWord
 .text.SUBGRF_SetCrcSeed
                0x0000000008009ac8       0x40 ./Middlewares/Third_Party/SubGHz_Phy/stm32_radio_driver/radio_driver.o
                0x0000000008009ac8                SUBGRF_SetCrcSeed
 .text.SUBGRF_SetCrcPolynomial
                0x0000000008009b08       0x40 ./Middlewares/Third_Party/SubGHz_Phy/stm32_radio_driver/radio_driver.o
                0x0000000008009b08                SUBGRF_SetCrcPolynomial
 .text.SUBGRF_SetWhiteningSeed
                0x0000000008009b48       0x66 ./Middlewares/Third_Party/SubGHz_Phy/stm32_radio_driver/radio_driver.o
                0x0000000008009b48                SUBGRF_SetWhiteningSeed
 .text.SUBGRF_GetRandom
                0x0000000008009bae       0x8c ./Middlewares/Third_Party/SubGHz_Phy/stm32_radio_driver/radio_driver.o
                0x0000000008009bae                SUBGRF_GetRandom
 *fill*         0x0000000008009c3a        0x2 
 .text.SUBGRF_SetSleep
                0x0000000008009c3c       0x64 ./Middlewares/Third_Party/SubGHz_Phy/stm32_radio_driver/radio_driver.o
                0x0000000008009c3c                SUBGRF_SetSleep
 .text.SUBGRF_SetStandby
                0x0000000008009ca0       0x38 ./Middlewares/Third_Party/SubGHz_Phy/stm32_radio_driver/radio_driver.o
                0x0000000008009ca0                SUBGRF_SetStandby
 .text.SUBGRF_SetTx
                0x0000000008009cd8       0x40 ./Middlewares/Third_Party/SubGHz_Phy/stm32_radio_driver/radio_driver.o
                0x0000000008009cd8                SUBGRF_SetTx
 .text.SUBGRF_SetRx
                0x0000000008009d18       0x40 ./Middlewares/Third_Party/SubGHz_Phy/stm32_radio_driver/radio_driver.o
                0x0000000008009d18                SUBGRF_SetRx
 .text.SUBGRF_SetRxBoosted
                0x0000000008009d58       0x48 ./Middlewares/Third_Party/SubGHz_Phy/stm32_radio_driver/radio_driver.o
                0x0000000008009d58                SUBGRF_SetRxBoosted
 .text.SUBGRF_SetRxDutyCycle
                0x0000000008009da0       0x58 ./Middlewares/Third_Party/SubGHz_Phy/stm32_radio_driver/radio_driver.o
                0x0000000008009da0                SUBGRF_SetRxDutyCycle
 .text.SUBGRF_SetCad
                0x0000000008009df8       0x1c ./Middlewares/Third_Party/SubGHz_Phy/stm32_radio_driver/radio_driver.o
                0x0000000008009df8                SUBGRF_SetCad
 .text.SUBGRF_SetTxContinuousWave
                0x0000000008009e14       0x12 ./Middlewares/Third_Party/SubGHz_Phy/stm32_radio_driver/radio_driver.o
                0x0000000008009e14                SUBGRF_SetTxContinuousWave
 .text.SUBGRF_SetTxInfinitePreamble
                0x0000000008009e26       0x12 ./Middlewares/Third_Party/SubGHz_Phy/stm32_radio_driver/radio_driver.o
                0x0000000008009e26                SUBGRF_SetTxInfinitePreamble
 .text.SUBGRF_SetStopRxTimerOnPreambleDetect
                0x0000000008009e38       0x1e ./Middlewares/Third_Party/SubGHz_Phy/stm32_radio_driver/radio_driver.o
                0x0000000008009e38                SUBGRF_SetStopRxTimerOnPreambleDetect
 .text.SUBGRF_SetLoRaSymbNumTimeout
                0x0000000008009e56       0x5e ./Middlewares/Third_Party/SubGHz_Phy/stm32_radio_driver/radio_driver.o
                0x0000000008009e56                SUBGRF_SetLoRaSymbNumTimeout
 .text.SUBGRF_SetRegulatorMode
                0x0000000008009eb4       0x2e ./Middlewares/Third_Party/SubGHz_Phy/stm32_radio_driver/radio_driver.o
                0x0000000008009eb4                SUBGRF_SetRegulatorMode
 .text.SUBGRF_Calibrate
                0x0000000008009ee2       0x8c ./Middlewares/Third_Party/SubGHz_Phy/stm32_radio_driver/radio_driver.o
                0x0000000008009ee2                SUBGRF_Calibrate
 *fill*         0x0000000008009f6e        0x2 
 .text.SUBGRF_CalibrateImage
                0x0000000008009f70       0x94 ./Middlewares/Third_Party/SubGHz_Phy/stm32_radio_driver/radio_driver.o
                0x0000000008009f70                SUBGRF_CalibrateImage
 .text.SUBGRF_SetPaConfig
                0x000000000800a004       0x44 ./Middlewares/Third_Party/SubGHz_Phy/stm32_radio_driver/radio_driver.o
                0x000000000800a004                SUBGRF_SetPaConfig
 .text.SUBGRF_SetDioIrqParams
                0x000000000800a048       0x74 ./Middlewares/Third_Party/SubGHz_Phy/stm32_radio_driver/radio_driver.o
                0x000000000800a048                SUBGRF_SetDioIrqParams
 .text.SUBGRF_SetTcxoMode
                0x000000000800a0bc       0x42 ./Middlewares/Third_Party/SubGHz_Phy/stm32_radio_driver/radio_driver.o
                0x000000000800a0bc                SUBGRF_SetTcxoMode
 *fill*         0x000000000800a0fe        0x2 
 .text.SUBGRF_SetRfFrequency
                0x000000000800a100       0x8c ./Middlewares/Third_Party/SubGHz_Phy/stm32_radio_driver/radio_driver.o
                0x000000000800a100                SUBGRF_SetRfFrequency
 .text.SUBGRF_SetPacketType
                0x000000000800a18c       0x38 ./Middlewares/Third_Party/SubGHz_Phy/stm32_radio_driver/radio_driver.o
                0x000000000800a18c                SUBGRF_SetPacketType
 .text.SUBGRF_GetPacketType
                0x000000000800a1c4       0x14 ./Middlewares/Third_Party/SubGHz_Phy/stm32_radio_driver/radio_driver.o
                0x000000000800a1c4                SUBGRF_GetPacketType
 .text.SUBGRF_SetTxParams
                0x000000000800a1d8      0x19a ./Middlewares/Third_Party/SubGHz_Phy/stm32_radio_driver/radio_driver.o
                0x000000000800a1d8                SUBGRF_SetTxParams
 *fill*         0x000000000800a372        0x2 
 .text.SUBGRF_SetModulationParams
                0x000000000800a374      0x1a4 ./Middlewares/Third_Party/SubGHz_Phy/stm32_radio_driver/radio_driver.o
                0x000000000800a374                SUBGRF_SetModulationParams
 .text.SUBGRF_SetPacketParams
                0x000000000800a518      0x13c ./Middlewares/Third_Party/SubGHz_Phy/stm32_radio_driver/radio_driver.o
                0x000000000800a518                SUBGRF_SetPacketParams
 .text.SUBGRF_SetBufferBaseAddress
                0x000000000800a654       0x2e ./Middlewares/Third_Party/SubGHz_Phy/stm32_radio_driver/radio_driver.o
                0x000000000800a654                SUBGRF_SetBufferBaseAddress
 .text.SUBGRF_GetRssiInst
                0x000000000800a682       0x2a ./Middlewares/Third_Party/SubGHz_Phy/stm32_radio_driver/radio_driver.o
                0x000000000800a682                SUBGRF_GetRssiInst
 .text.SUBGRF_GetRxBufferStatus
                0x000000000800a6ac       0x58 ./Middlewares/Third_Party/SubGHz_Phy/stm32_radio_driver/radio_driver.o
                0x000000000800a6ac                SUBGRF_GetRxBufferStatus
 .text.SUBGRF_GetPacketStatus
                0x000000000800a704       0xa4 ./Middlewares/Third_Party/SubGHz_Phy/stm32_radio_driver/radio_driver.o
                0x000000000800a704                SUBGRF_GetPacketStatus
 .text.SUBGRF_WriteRegister
                0x000000000800a7a8       0x28 ./Middlewares/Third_Party/SubGHz_Phy/stm32_radio_driver/radio_driver.o
                0x000000000800a7a8                SUBGRF_WriteRegister
 .text.SUBGRF_ReadRegister
                0x000000000800a7d0       0x28 ./Middlewares/Third_Party/SubGHz_Phy/stm32_radio_driver/radio_driver.o
                0x000000000800a7d0                SUBGRF_ReadRegister
 .text.SUBGRF_WriteRegisters
                0x000000000800a7f8       0x44 ./Middlewares/Third_Party/SubGHz_Phy/stm32_radio_driver/radio_driver.o
                0x000000000800a7f8                SUBGRF_WriteRegisters
 .text.SUBGRF_ReadRegisters
                0x000000000800a83c       0x44 ./Middlewares/Third_Party/SubGHz_Phy/stm32_radio_driver/radio_driver.o
                0x000000000800a83c                SUBGRF_ReadRegisters
 .text.SUBGRF_WriteBuffer
                0x000000000800a880       0x44 ./Middlewares/Third_Party/SubGHz_Phy/stm32_radio_driver/radio_driver.o
                0x000000000800a880                SUBGRF_WriteBuffer
 .text.SUBGRF_ReadBuffer
                0x000000000800a8c4       0x44 ./Middlewares/Third_Party/SubGHz_Phy/stm32_radio_driver/radio_driver.o
                0x000000000800a8c4                SUBGRF_ReadBuffer
 .text.SUBGRF_WriteCommand
                0x000000000800a908       0x44 ./Middlewares/Third_Party/SubGHz_Phy/stm32_radio_driver/radio_driver.o
                0x000000000800a908                SUBGRF_WriteCommand
 .text.SUBGRF_ReadCommand
                0x000000000800a94c       0x44 ./Middlewares/Third_Party/SubGHz_Phy/stm32_radio_driver/radio_driver.o
                0x000000000800a94c                SUBGRF_ReadCommand
 .text.SUBGRF_SetSwitch
                0x000000000800a990       0x50 ./Middlewares/Third_Party/SubGHz_Phy/stm32_radio_driver/radio_driver.o
                0x000000000800a990                SUBGRF_SetSwitch
 .text.SUBGRF_SetRfTxPower
                0x000000000800a9e0       0x68 ./Middlewares/Third_Party/SubGHz_Phy/stm32_radio_driver/radio_driver.o
                0x000000000800a9e0                SUBGRF_SetRfTxPower
 .text.SUBGRF_GetRadioWakeUpTime
                0x000000000800aa48        0xe ./Middlewares/Third_Party/SubGHz_Phy/stm32_radio_driver/radio_driver.o
                0x000000000800aa48                SUBGRF_GetRadioWakeUpTime
 *fill*         0x000000000800aa56        0x2 
 .text.HAL_SUBGHZ_TxCpltCallback
                0x000000000800aa58       0x1c ./Middlewares/Third_Party/SubGHz_Phy/stm32_radio_driver/radio_driver.o
                0x000000000800aa58                HAL_SUBGHZ_TxCpltCallback
 .text.HAL_SUBGHZ_RxCpltCallback
                0x000000000800aa74       0x1c ./Middlewares/Third_Party/SubGHz_Phy/stm32_radio_driver/radio_driver.o
                0x000000000800aa74                HAL_SUBGHZ_RxCpltCallback
 .text.HAL_SUBGHZ_CRCErrorCallback
                0x000000000800aa90       0x1c ./Middlewares/Third_Party/SubGHz_Phy/stm32_radio_driver/radio_driver.o
                0x000000000800aa90                HAL_SUBGHZ_CRCErrorCallback
 .text.HAL_SUBGHZ_CADStatusCallback
                0x000000000800aaac       0x3c ./Middlewares/Third_Party/SubGHz_Phy/stm32_radio_driver/radio_driver.o
                0x000000000800aaac                HAL_SUBGHZ_CADStatusCallback
 .text.HAL_SUBGHZ_RxTxTimeoutCallback
                0x000000000800aae8       0x20 ./Middlewares/Third_Party/SubGHz_Phy/stm32_radio_driver/radio_driver.o
                0x000000000800aae8                HAL_SUBGHZ_RxTxTimeoutCallback
 .text.HAL_SUBGHZ_HeaderErrorCallback
                0x000000000800ab08       0x1c ./Middlewares/Third_Party/SubGHz_Phy/stm32_radio_driver/radio_driver.o
                0x000000000800ab08                HAL_SUBGHZ_HeaderErrorCallback
 .text.HAL_SUBGHZ_PreambleDetectedCallback
                0x000000000800ab24       0x1c ./Middlewares/Third_Party/SubGHz_Phy/stm32_radio_driver/radio_driver.o
                0x000000000800ab24                HAL_SUBGHZ_PreambleDetectedCallback
 .text.HAL_SUBGHZ_SyncWordValidCallback
                0x000000000800ab40       0x1c ./Middlewares/Third_Party/SubGHz_Phy/stm32_radio_driver/radio_driver.o
                0x000000000800ab40                HAL_SUBGHZ_SyncWordValidCallback
 .text.HAL_SUBGHZ_HeaderValidCallback
                0x000000000800ab5c       0x1c ./Middlewares/Third_Party/SubGHz_Phy/stm32_radio_driver/radio_driver.o
                0x000000000800ab5c                HAL_SUBGHZ_HeaderValidCallback
 .text.HAL_SUBGHZ_LrFhssHopCallback
                0x000000000800ab78       0x20 ./Middlewares/Third_Party/SubGHz_Phy/stm32_radio_driver/radio_driver.o
                0x000000000800ab78                HAL_SUBGHZ_LrFhssHopCallback
 .text.Radio_SMPS_Set
                0x000000000800ab98       0x42 ./Middlewares/Third_Party/SubGHz_Phy/stm32_radio_driver/radio_driver.o
 *fill*         0x000000000800abda        0x2 
 .text.SUBGRF_GetFskBandwidthRegValue
                0x000000000800abdc       0x50 ./Middlewares/Third_Party/SubGHz_Phy/stm32_radio_driver/radio_driver.o
                0x000000000800abdc                SUBGRF_GetFskBandwidthRegValue
 .text.SUBGRF_GetCFO
                0x000000000800ac2c       0xe8 ./Middlewares/Third_Party/SubGHz_Phy/stm32_radio_driver/radio_driver.o
                0x000000000800ac2c                SUBGRF_GetCFO
 .text.RFW_TransmitLongPacket
                0x000000000800ad14       0x24 ./Middlewares/Third_Party/SubGHz_Phy/stm32_radio_driver/radio_fw.o
                0x000000000800ad14                RFW_TransmitLongPacket
 .text.RFW_ReceiveLongPacket
                0x000000000800ad38       0x24 ./Middlewares/Third_Party/SubGHz_Phy/stm32_radio_driver/radio_fw.o
                0x000000000800ad38                RFW_ReceiveLongPacket
 .text.RFW_Init
                0x000000000800ad5c       0x1a ./Middlewares/Third_Party/SubGHz_Phy/stm32_radio_driver/radio_fw.o
                0x000000000800ad5c                RFW_Init
 .text.RFW_DeInit
                0x000000000800ad76        0xc ./Middlewares/Third_Party/SubGHz_Phy/stm32_radio_driver/radio_fw.o
                0x000000000800ad76                RFW_DeInit
 .text.RFW_Is_Init
                0x000000000800ad82        0xe ./Middlewares/Third_Party/SubGHz_Phy/stm32_radio_driver/radio_fw.o
                0x000000000800ad82                RFW_Is_Init
 .text.RFW_Is_LongPacketModeEnabled
                0x000000000800ad90        0xe ./Middlewares/Third_Party/SubGHz_Phy/stm32_radio_driver/radio_fw.o
                0x000000000800ad90                RFW_Is_LongPacketModeEnabled
 .text.RFW_SetAntSwitch
                0x000000000800ad9e       0x14 ./Middlewares/Third_Party/SubGHz_Phy/stm32_radio_driver/radio_fw.o
                0x000000000800ad9e                RFW_SetAntSwitch
 .text.RFW_TransmitInit
                0x000000000800adb2       0x20 ./Middlewares/Third_Party/SubGHz_Phy/stm32_radio_driver/radio_fw.o
                0x000000000800adb2                RFW_TransmitInit
 .text.RFW_ReceiveInit
                0x000000000800add2       0x10 ./Middlewares/Third_Party/SubGHz_Phy/stm32_radio_driver/radio_fw.o
                0x000000000800add2                RFW_ReceiveInit
 .text.RFW_DeInit_TxLongPacket
                0x000000000800ade2        0xc ./Middlewares/Third_Party/SubGHz_Phy/stm32_radio_driver/radio_fw.o
                0x000000000800ade2                RFW_DeInit_TxLongPacket
 .text.RFW_ReceivePayload
                0x000000000800adee        0xc ./Middlewares/Third_Party/SubGHz_Phy/stm32_radio_driver/radio_fw.o
                0x000000000800adee                RFW_ReceivePayload
 .text.RFW_SetRadioModem
                0x000000000800adfa       0x14 ./Middlewares/Third_Party/SubGHz_Phy/stm32_radio_driver/radio_fw.o
                0x000000000800adfa                RFW_SetRadioModem
 .text.MX_SubGHz_Phy_Init
                0x000000000800ae0e       0x10 ./SubGHz_Phy/App/app_subghz_phy.o
                0x000000000800ae0e                MX_SubGHz_Phy_Init
 .text.MX_SubGHz_Phy_Process
                0x000000000800ae1e        0xc ./SubGHz_Phy/App/app_subghz_phy.o
                0x000000000800ae1e                MX_SubGHz_Phy_Process
 *fill*         0x000000000800ae2a        0x2 
 .text.SubghzApp_Init
                0x000000000800ae2c       0x4c ./SubGHz_Phy/App/subghz_phy_app.o
                0x000000000800ae2c                SubghzApp_Init
 .text.OnTxDone
                0x000000000800ae78        0xc ./SubGHz_Phy/App/subghz_phy_app.o
 .text.OnRxDone
                0x000000000800ae84       0x24 ./SubGHz_Phy/App/subghz_phy_app.o
 .text.OnTxTimeout
                0x000000000800aea8        0xc ./SubGHz_Phy/App/subghz_phy_app.o
 .text.OnRxTimeout
                0x000000000800aeb4        0xc ./SubGHz_Phy/App/subghz_phy_app.o
 .text.OnRxError
                0x000000000800aec0        0xc ./SubGHz_Phy/App/subghz_phy_app.o
 .text.LL_AHB2_GRP1_EnableClock
                0x000000000800aecc       0x30 ./SubGHz_Phy/Target/radio_board_if.o
 .text.RBI_Init
                0x000000000800aefc       0x80 ./SubGHz_Phy/Target/radio_board_if.o
                0x000000000800aefc                RBI_Init
 .text.RBI_ConfigRFSwitch
                0x000000000800af7c       0xbc ./SubGHz_Phy/Target/radio_board_if.o
                0x000000000800af7c                RBI_ConfigRFSwitch
 .text.RBI_GetTxConfig
                0x000000000800b038       0x16 ./SubGHz_Phy/Target/radio_board_if.o
                0x000000000800b038                RBI_GetTxConfig
 .text.RBI_IsTCXO
                0x000000000800b04e       0x16 ./SubGHz_Phy/Target/radio_board_if.o
                0x000000000800b04e                RBI_IsTCXO
 .text.RBI_IsDCDC
                0x000000000800b064       0x16 ./SubGHz_Phy/Target/radio_board_if.o
                0x000000000800b064                RBI_IsDCDC
 .text.RBI_GetRFOMaxPowerConfig
                0x000000000800b07a       0x2a ./SubGHz_Phy/Target/radio_board_if.o
                0x000000000800b07a                RBI_GetRFOMaxPowerConfig
 .text.UTIL_MEM_cpy_8
                0x000000000800b0a4       0x3e ./Utilities/misc/stm32_mem.o
                0x000000000800b0a4                UTIL_MEM_cpy_8
 .text.UTIL_MEM_set_8
                0x000000000800b0e2       0x36 ./Utilities/misc/stm32_mem.o
                0x000000000800b0e2                UTIL_MEM_set_8
 .text.UTIL_TIMER_Create
                0x000000000800b118       0x6c ./Utilities/timer/stm32_timer.o
                0x000000000800b118                UTIL_TIMER_Create
 .text.UTIL_TIMER_Start
                0x000000000800b184       0xdc ./Utilities/timer/stm32_timer.o
                0x000000000800b184                UTIL_TIMER_Start
 .text.UTIL_TIMER_Stop
                0x000000000800b260       0xe0 ./Utilities/timer/stm32_timer.o
                0x000000000800b260                UTIL_TIMER_Stop
 .text.UTIL_TIMER_SetPeriod
                0x000000000800b340       0x54 ./Utilities/timer/stm32_timer.o
                0x000000000800b340                UTIL_TIMER_SetPeriod
 .text.UTIL_TIMER_GetCurrentTime
                0x000000000800b394       0x24 ./Utilities/timer/stm32_timer.o
                0x000000000800b394                UTIL_TIMER_GetCurrentTime
 .text.UTIL_TIMER_GetElapsedTime
                0x000000000800b3b8       0x38 ./Utilities/timer/stm32_timer.o
                0x000000000800b3b8                UTIL_TIMER_GetElapsedTime
 .text.TimerExists
                0x000000000800b3f0       0x38 ./Utilities/timer/stm32_timer.o
                0x000000000800b3f0                TimerExists
 .text.TimerSetTimeout
                0x000000000800b428       0x54 ./Utilities/timer/stm32_timer.o
                0x000000000800b428                TimerSetTimeout
 .text.TimerInsertTimer
                0x000000000800b47c       0x60 ./Utilities/timer/stm32_timer.o
                0x000000000800b47c                TimerInsertTimer
 .text.TimerInsertNewHeadTimer
                0x000000000800b4dc       0x3c ./Utilities/timer/stm32_timer.o
                0x000000000800b4dc                TimerInsertNewHeadTimer
 .text._vsnprintf_r
                0x000000000800b518       0x56 /Applications/STM32CubeIDE.app/Contents/Eclipse/plugins/com.st.stm32cube.ide.mcu.externaltools.gnu-tools-for-stm32.11.3.rel1.macos64_1.1.0.202305231506/tools/bin/../lib/gcc/arm-none-eabi/11.3.1/../../../../arm-none-eabi/lib/thumb/v7e-m/nofp/libc_nano.a(libc_a-vsnprintf.o)
                0x000000000800b518                _vsnprintf_r
                0x000000000800b518                _vsniprintf_r
 *fill*         0x000000000800b56e        0x2 
 .text.vsnprintf
                0x000000000800b570       0x1c /Applications/STM32CubeIDE.app/Contents/Eclipse/plugins/com.st.stm32cube.ide.mcu.externaltools.gnu-tools-for-stm32.11.3.rel1.macos64_1.1.0.202305231506/tools/bin/../lib/gcc/arm-none-eabi/11.3.1/../../../../arm-none-eabi/lib/thumb/v7e-m/nofp/libc_nano.a(libc_a-vsnprintf.o)
                0x000000000800b570                vsnprintf
                0x000000000800b570                vsniprintf
 .text.memset   0x000000000800b58c       0x10 /Applications/STM32CubeIDE.app/Contents/Eclipse/plugins/com.st.stm32cube.ide.mcu.externaltools.gnu-tools-for-stm32.11.3.rel1.macos64_1.1.0.202305231506/tools/bin/../lib/gcc/arm-none-eabi/11.3.1/../../../../arm-none-eabi/lib/thumb/v7e-m/nofp/libc_nano.a(libc_a-memset.o)
                0x000000000800b58c                memset
 .text.__errno  0x000000000800b59c        0xc /Applications/STM32CubeIDE.app/Contents/Eclipse/plugins/com.st.stm32cube.ide.mcu.externaltools.gnu-tools-for-stm32.11.3.rel1.macos64_1.1.0.202305231506/tools/bin/../lib/gcc/arm-none-eabi/11.3.1/../../../../arm-none-eabi/lib/thumb/v7e-m/nofp/libc_nano.a(libc_a-errno.o)
                0x000000000800b59c                __errno
 .text.__libc_init_array
                0x000000000800b5a8       0x48 /Applications/STM32CubeIDE.app/Contents/Eclipse/plugins/com.st.stm32cube.ide.mcu.externaltools.gnu-tools-for-stm32.11.3.rel1.macos64_1.1.0.202305231506/tools/bin/../lib/gcc/arm-none-eabi/11.3.1/../../../../arm-none-eabi/lib/thumb/v7e-m/nofp/libc_nano.a(libc_a-init.o)
                0x000000000800b5a8                __libc_init_array
 .text.__retarget_lock_acquire_recursive
                0x000000000800b5f0        0x2 /Applications/STM32CubeIDE.app/Contents/Eclipse/plugins/com.st.stm32cube.ide.mcu.externaltools.gnu-tools-for-stm32.11.3.rel1.macos64_1.1.0.202305231506/tools/bin/../lib/gcc/arm-none-eabi/11.3.1/../../../../arm-none-eabi/lib/thumb/v7e-m/nofp/libc_nano.a(libc_a-lock.o)
                0x000000000800b5f0                __retarget_lock_acquire_recursive
 .text.__retarget_lock_release_recursive
                0x000000000800b5f2        0x2 /Applications/STM32CubeIDE.app/Contents/Eclipse/plugins/com.st.stm32cube.ide.mcu.externaltools.gnu-tools-for-stm32.11.3.rel1.macos64_1.1.0.202305231506/tools/bin/../lib/gcc/arm-none-eabi/11.3.1/../../../../arm-none-eabi/lib/thumb/v7e-m/nofp/libc_nano.a(libc_a-lock.o)
                0x000000000800b5f2                __retarget_lock_release_recursive
 .text.memcpy   0x000000000800b5f4       0x1c /Applications/STM32CubeIDE.app/Contents/Eclipse/plugins/com.st.stm32cube.ide.mcu.externaltools.gnu-tools-for-stm32.11.3.rel1.macos64_1.1.0.202305231506/tools/bin/../lib/gcc/arm-none-eabi/11.3.1/../../../../arm-none-eabi/lib/thumb/v7e-m/nofp/libc_nano.a(libc_a-memcpy-stub.o)
                0x000000000800b5f4                memcpy
 .text.__ssputs_r
                0x000000000800b610       0xb4 /Applications/STM32CubeIDE.app/Contents/Eclipse/plugins/com.st.stm32cube.ide.mcu.externaltools.gnu-tools-for-stm32.11.3.rel1.macos64_1.1.0.202305231506/tools/bin/../lib/gcc/arm-none-eabi/11.3.1/../../../../arm-none-eabi/lib/thumb/v7e-m/nofp/libc_nano.a(libc_a-nano-svfprintf.o)
                0x000000000800b610                __ssputs_r
 .text._svfprintf_r
                0x000000000800b6c4      0x1fc /Applications/STM32CubeIDE.app/Contents/Eclipse/plugins/com.st.stm32cube.ide.mcu.externaltools.gnu-tools-for-stm32.11.3.rel1.macos64_1.1.0.202305231506/tools/bin/../lib/gcc/arm-none-eabi/11.3.1/../../../../arm-none-eabi/lib/thumb/v7e-m/nofp/libc_nano.a(libc_a-nano-svfprintf.o)
                0x000000000800b6c4                _svfprintf_r
                0x000000000800b6c4                _svfiprintf_r
 .text.sbrk_aligned
                0x000000000800b8c0       0x40 /Applications/STM32CubeIDE.app/Contents/Eclipse/plugins/com.st.stm32cube.ide.mcu.externaltools.gnu-tools-for-stm32.11.3.rel1.macos64_1.1.0.202305231506/tools/bin/../lib/gcc/arm-none-eabi/11.3.1/../../../../arm-none-eabi/lib/thumb/v7e-m/nofp/libc_nano.a(libc_a-mallocr.o)
 .text._malloc_r
                0x000000000800b900      0x100 /Applications/STM32CubeIDE.app/Contents/Eclipse/plugins/com.st.stm32cube.ide.mcu.externaltools.gnu-tools-for-stm32.11.3.rel1.macos64_1.1.0.202305231506/tools/bin/../lib/gcc/arm-none-eabi/11.3.1/../../../../arm-none-eabi/lib/thumb/v7e-m/nofp/libc_nano.a(libc_a-mallocr.o)
                0x000000000800b900                _malloc_r
 .text._printf_common
                0x000000000800ba00       0xda /Applications/STM32CubeIDE.app/Contents/Eclipse/plugins/com.st.stm32cube.ide.mcu.externaltools.gnu-tools-for-stm32.11.3.rel1.macos64_1.1.0.202305231506/tools/bin/../lib/gcc/arm-none-eabi/11.3.1/../../../../arm-none-eabi/lib/thumb/v7e-m/nofp/libc_nano.a(libc_a-nano-vfprintf_i.o)
                0x000000000800ba00                _printf_common
 *fill*         0x000000000800bada        0x2 
 .text._printf_i
                0x000000000800badc      0x244 /Applications/STM32CubeIDE.app/Contents/Eclipse/plugins/com.st.stm32cube.ide.mcu.externaltools.gnu-tools-for-stm32.11.3.rel1.macos64_1.1.0.202305231506/tools/bin/../lib/gcc/arm-none-eabi/11.3.1/../../../../arm-none-eabi/lib/thumb/v7e-m/nofp/libc_nano.a(libc_a-nano-vfprintf_i.o)
                0x000000000800badc                _printf_i
 .text.__malloc_lock
                0x000000000800bd20        0xc /Applications/STM32CubeIDE.app/Contents/Eclipse/plugins/com.st.stm32cube.ide.mcu.externaltools.gnu-tools-for-stm32.11.3.rel1.macos64_1.1.0.202305231506/tools/bin/../lib/gcc/arm-none-eabi/11.3.1/../../../../arm-none-eabi/lib/thumb/v7e-m/nofp/libc_nano.a(libc_a-mlock.o)
                0x000000000800bd20                __malloc_lock
 .text.__malloc_unlock
                0x000000000800bd2c        0xc /Applications/STM32CubeIDE.app/Contents/Eclipse/plugins/com.st.stm32cube.ide.mcu.externaltools.gnu-tools-for-stm32.11.3.rel1.macos64_1.1.0.202305231506/tools/bin/../lib/gcc/arm-none-eabi/11.3.1/../../../../arm-none-eabi/lib/thumb/v7e-m/nofp/libc_nano.a(libc_a-mlock.o)
                0x000000000800bd2c                __malloc_unlock
 .text._realloc_r
                0x000000000800bd38       0x5e /Applications/STM32CubeIDE.app/Contents/Eclipse/plugins/com.st.stm32cube.ide.mcu.externaltools.gnu-tools-for-stm32.11.3.rel1.macos64_1.1.0.202305231506/tools/bin/../lib/gcc/arm-none-eabi/11.3.1/../../../../arm-none-eabi/lib/thumb/v7e-m/nofp/libc_nano.a(libc_a-reallocr.o)
                0x000000000800bd38                _realloc_r
 .text.memmove  0x000000000800bd96       0x34 /Applications/STM32CubeIDE.app/Contents/Eclipse/plugins/com.st.stm32cube.ide.mcu.externaltools.gnu-tools-for-stm32.11.3.rel1.macos64_1.1.0.202305231506/tools/bin/../lib/gcc/arm-none-eabi/11.3.1/../../../../arm-none-eabi/lib/thumb/v7e-m/nofp/libc_nano.a(libc_a-memmove.o)
                0x000000000800bd96                memmove
 *fill*         0x000000000800bdca        0x2 
 .text._sbrk_r  0x000000000800bdcc       0x20 /Applications/STM32CubeIDE.app/Contents/Eclipse/plugins/com.st.stm32cube.ide.mcu.externaltools.gnu-tools-for-stm32.11.3.rel1.macos64_1.1.0.202305231506/tools/bin/../lib/gcc/arm-none-eabi/11.3.1/../../../../arm-none-eabi/lib/thumb/v7e-m/nofp/libc_nano.a(libc_a-sbrkr.o)
                0x000000000800bdcc                _sbrk_r
 .text._free_r  0x000000000800bdec       0x94 /Applications/STM32CubeIDE.app/Contents/Eclipse/plugins/com.st.stm32cube.ide.mcu.externaltools.gnu-tools-for-stm32.11.3.rel1.macos64_1.1.0.202305231506/tools/bin/../lib/gcc/arm-none-eabi/11.3.1/../../../../arm-none-eabi/lib/thumb/v7e-m/nofp/libc_nano.a(libc_a-freer.o)
                0x000000000800bdec                _free_r
 .text._malloc_usable_size_r
                0x000000000800be80       0x10 /Applications/STM32CubeIDE.app/Contents/Eclipse/plugins/com.st.stm32cube.ide.mcu.externaltools.gnu-tools-for-stm32.11.3.rel1.macos64_1.1.0.202305231506/tools/bin/../lib/gcc/arm-none-eabi/11.3.1/../../../../arm-none-eabi/lib/thumb/v7e-m/nofp/libc_nano.a(libc_a-msizer.o)
                0x000000000800be80                _malloc_usable_size_r
 *(.glue_7)
 .glue_7        0x000000000800be90        0x0 linker stubs
 *(.glue_7t)
 .glue_7t       0x000000000800be90        0x0 linker stubs
 *(.eh_frame)
 .eh_frame      0x000000000800be90        0x0 /Applications/STM32CubeIDE.app/Contents/Eclipse/plugins/com.st.stm32cube.ide.mcu.externaltools.gnu-tools-for-stm32.11.3.rel1.macos64_1.1.0.202305231506/tools/bin/../lib/gcc/arm-none-eabi/11.3.1/thumb/v7e-m/nofp/crtbegin.o
 *(.init)
 .init          0x000000000800be90        0x4 /Applications/STM32CubeIDE.app/Contents/Eclipse/plugins/com.st.stm32cube.ide.mcu.externaltools.gnu-tools-for-stm32.11.3.rel1.macos64_1.1.0.202305231506/tools/bin/../lib/gcc/arm-none-eabi/11.3.1/thumb/v7e-m/nofp/crti.o
                0x000000000800be90                _init
 .init          0x000000000800be94        0x8 /Applications/STM32CubeIDE.app/Contents/Eclipse/plugins/com.st.stm32cube.ide.mcu.externaltools.gnu-tools-for-stm32.11.3.rel1.macos64_1.1.0.202305231506/tools/bin/../lib/gcc/arm-none-eabi/11.3.1/thumb/v7e-m/nofp/crtn.o
 *(.fini)
 .fini          0x000000000800be9c        0x4 /Applications/STM32CubeIDE.app/Contents/Eclipse/plugins/com.st.stm32cube.ide.mcu.externaltools.gnu-tools-for-stm32.11.3.rel1.macos64_1.1.0.202305231506/tools/bin/../lib/gcc/arm-none-eabi/11.3.1/thumb/v7e-m/nofp/crti.o
                0x000000000800be9c                _fini
 .fini          0x000000000800bea0        0x8 /Applications/STM32CubeIDE.app/Contents/Eclipse/plugins/com.st.stm32cube.ide.mcu.externaltools.gnu-tools-for-stm32.11.3.rel1.macos64_1.1.0.202305231506/tools/bin/../lib/gcc/arm-none-eabi/11.3.1/thumb/v7e-m/nofp/crtn.o
                0x000000000800bea8                . = ALIGN (0x4)
                0x000000000800bea8                _etext = .

.vfp11_veneer   0x000000000800bea8        0x0
 .vfp11_veneer  0x000000000800bea8        0x0 linker stubs

.v4_bx          0x000000000800bea8        0x0
 .v4_bx         0x000000000800bea8        0x0 linker stubs

.iplt           0x000000000800bea8        0x0
 .iplt          0x000000000800bea8        0x0 /Applications/STM32CubeIDE.app/Contents/Eclipse/plugins/com.st.stm32cube.ide.mcu.externaltools.gnu-tools-for-stm32.11.3.rel1.macos64_1.1.0.202305231506/tools/bin/../lib/gcc/arm-none-eabi/11.3.1/thumb/v7e-m/nofp/crtbegin.o

.rodata         0x000000000800bea8      0xb5c
                0x000000000800bea8                . = ALIGN (0x4)
 *(.rodata)
 .rodata        0x000000000800bea8       0xaa ./Core/Src/ax25_generator.o
 *fill*         0x000000000800bf52        0x2 
 .rodata        0x000000000800bf54      0x6e7 ./Core/Src/main.o
 *fill*         0x000000000800c63b        0x1 
 .rodata        0x000000000800c63c      0x11e ./Core/Src/obc_interface.o
 *fill*         0x000000000800c75a        0x2 
 .rodata        0x000000000800c75c       0x1c ./Drivers/STM32WLxx_HAL_Driver/Src/stm32wlxx_hal_rcc.o
 .rodata        0x000000000800c778       0x10 ./Middlewares/Third_Party/SubGHz_Phy/stm32_radio_driver/radio.o
 .rodata        0x000000000800c788       0x11 ./Middlewares/Third_Party/SubGHz_Phy/stm32_radio_driver/radio_driver.o
 *(.rodata*)
 *fill*         0x000000000800c799        0x3 
 .rodata.AHBPrescTable
                0x000000000800c79c       0x40 ./Core/Src/system_stm32wlxx.o
                0x000000000800c79c                AHBPrescTable
 .rodata.APBPrescTable
                0x000000000800c7dc       0x20 ./Core/Src/system_stm32wlxx.o
                0x000000000800c7dc                APBPrescTable
 .rodata.MSIRangeTable
                0x000000000800c7fc       0x40 ./Core/Src/system_stm32wlxx.o
                0x000000000800c7fc                MSIRangeTable
 .rodata.UTIL_TimerDriver
                0x000000000800c83c       0x2c ./Core/Src/timer_if.o
                0x000000000800c83c                UTIL_TimerDriver
 .rodata.UARTPrescTable
                0x000000000800c868       0x18 ./Drivers/STM32WLxx_HAL_Driver/Src/stm32wlxx_hal_uart.o
                0x000000000800c868                UARTPrescTable
 .rodata.numerator.1
                0x000000000800c880        0x8 ./Drivers/STM32WLxx_HAL_Driver/Src/stm32wlxx_hal_uart_ex.o
 .rodata.denominator.0
                0x000000000800c888        0x8 ./Drivers/STM32WLxx_HAL_Driver/Src/stm32wlxx_hal_uart_ex.o
 .rodata.Radio  0x000000000800c890       0x8c ./Middlewares/Third_Party/SubGHz_Phy/stm32_radio_driver/radio.o
                0x000000000800c890                Radio
 .rodata.Bandwidths
                0x000000000800c91c        0x3 ./Middlewares/Third_Party/SubGHz_Phy/stm32_radio_driver/radio.o
                0x000000000800c91c                Bandwidths
 *fill*         0x000000000800c91f        0x1 
 .rodata.FskBandwidths
                0x000000000800c920       0xb0 ./Middlewares/Third_Party/SubGHz_Phy/stm32_radio_driver/radio_driver.o
 .rodata._svfprintf_r.str1.1
                0x000000000800c9d0       0x11 /Applications/STM32CubeIDE.app/Contents/Eclipse/plugins/com.st.stm32cube.ide.mcu.externaltools.gnu-tools-for-stm32.11.3.rel1.macos64_1.1.0.202305231506/tools/bin/../lib/gcc/arm-none-eabi/11.3.1/../../../../arm-none-eabi/lib/thumb/v7e-m/nofp/libc_nano.a(libc_a-nano-svfprintf.o)
 .rodata._printf_i.str1.1
                0x000000000800c9e1       0x22 /Applications/STM32CubeIDE.app/Contents/Eclipse/plugins/com.st.stm32cube.ide.mcu.externaltools.gnu-tools-for-stm32.11.3.rel1.macos64_1.1.0.202305231506/tools/bin/../lib/gcc/arm-none-eabi/11.3.1/../../../../arm-none-eabi/lib/thumb/v7e-m/nofp/libc_nano.a(libc_a-nano-vfprintf_i.o)
                0x000000000800ca04                . = ALIGN (0x4)
 *fill*         0x000000000800ca03        0x1 

.ARM.extab      0x000000000800ca04        0x0
                0x000000000800ca04                . = ALIGN (0x4)
 *(.ARM.extab* .gnu.linkonce.armextab.*)
                0x000000000800ca04                . = ALIGN (0x4)

.ARM            0x000000000800ca04        0x8
                0x000000000800ca04                . = ALIGN (0x4)
                0x000000000800ca04                __exidx_start = .
 *(.ARM.exidx*)
 .ARM.exidx     0x000000000800ca04        0x8 /Applications/STM32CubeIDE.app/Contents/Eclipse/plugins/com.st.stm32cube.ide.mcu.externaltools.gnu-tools-for-stm32.11.3.rel1.macos64_1.1.0.202305231506/tools/bin/../lib/gcc/arm-none-eabi/11.3.1/thumb/v7e-m/nofp/libgcc.a(_udivmoddi4.o)
                0x000000000800ca0c                __exidx_end = .
                0x000000000800ca0c                . = ALIGN (0x4)

.rel.dyn        0x000000000800ca0c        0x0
 .rel.iplt      0x000000000800ca0c        0x0 /Applications/STM32CubeIDE.app/Contents/Eclipse/plugins/com.st.stm32cube.ide.mcu.externaltools.gnu-tools-for-stm32.11.3.rel1.macos64_1.1.0.202305231506/tools/bin/../lib/gcc/arm-none-eabi/11.3.1/thumb/v7e-m/nofp/crtbegin.o

.preinit_array  0x000000000800ca0c        0x0
                0x000000000800ca0c                . = ALIGN (0x4)
                0x000000000800ca0c                PROVIDE (__preinit_array_start = .)
 *(.preinit_array*)
                0x000000000800ca0c                PROVIDE (__preinit_array_end = .)
                0x000000000800ca0c                . = ALIGN (0x4)

.init_array     0x000000000800ca0c        0x4
                0x000000000800ca0c                . = ALIGN (0x4)
                0x000000000800ca0c                PROVIDE (__init_array_start = .)
 *(SORT_BY_NAME(.init_array.*))
 *(.init_array*)
 .init_array    0x000000000800ca0c        0x4 /Applications/STM32CubeIDE.app/Contents/Eclipse/plugins/com.st.stm32cube.ide.mcu.externaltools.gnu-tools-for-stm32.11.3.rel1.macos64_1.1.0.202305231506/tools/bin/../lib/gcc/arm-none-eabi/11.3.1/thumb/v7e-m/nofp/crtbegin.o
                0x000000000800ca10                PROVIDE (__init_array_end = .)
                0x000000000800ca10                . = ALIGN (0x4)

.fini_array     0x000000000800ca10        0x4
                0x000000000800ca10                . = ALIGN (0x4)
                [!provide]                        PROVIDE (__fini_array_start = .)
 *(SORT_BY_NAME(.fini_array.*))
 *(.fini_array*)
 .fini_array    0x000000000800ca10        0x4 /Applications/STM32CubeIDE.app/Contents/Eclipse/plugins/com.st.stm32cube.ide.mcu.externaltools.gnu-tools-for-stm32.11.3.rel1.macos64_1.1.0.202305231506/tools/bin/../lib/gcc/arm-none-eabi/11.3.1/thumb/v7e-m/nofp/crtbegin.o
                [!provide]                        PROVIDE (__fini_array_end = .)
                0x000000000800ca14                . = ALIGN (0x4)
                0x000000000800ca14                _sidata = LOADADDR (.data)

.data           0x0000000020000000       0x64 load address 0x000000000800ca14
                0x0000000020000000                . = ALIGN (0x4)
                0x0000000020000000                _sdata = .
 *(.data)
 *(.data*)
 .data.rx_buffer_len
                0x0000000020000000        0x1 ./Core/Src/main.o
                0x0000000020000000                rx_buffer_len
 .data.obc_plen
                0x0000000020000001        0x1 ./Core/Src/main.o
                0x0000000020000001                obc_plen
 *fill*         0x0000000020000002        0x2 
 .data.BEACON_COUNT
                0x0000000020000004        0x4 ./Core/Src/main.o
                0x0000000020000004                BEACON_COUNT
 .data.SystemCoreClock
                0x0000000020000008        0x4 ./Core/Src/system_stm32wlxx.o
                0x0000000020000008                SystemCoreClock
 .data.uwTickPrio
                0x000000002000000c        0x4 ./Drivers/STM32WLxx_HAL_Driver/Src/stm32wlxx_hal.o
                0x000000002000000c                uwTickPrio
 .data.uwTickFreq
                0x0000000020000010        0x1 ./Drivers/STM32WLxx_HAL_Driver/Src/stm32wlxx_hal.o
                0x0000000020000010                uwTickFreq
 .data.MaxPayloadLength
                0x0000000020000011        0x1 ./Middlewares/Third_Party/SubGHz_Phy/stm32_radio_driver/radio.o
 *fill*         0x0000000020000012        0x2 
 .data._impure_data
                0x0000000020000014       0x4c /Applications/STM32CubeIDE.app/Contents/Eclipse/plugins/com.st.stm32cube.ide.mcu.externaltools.gnu-tools-for-stm32.11.3.rel1.macos64_1.1.0.202305231506/tools/bin/../lib/gcc/arm-none-eabi/11.3.1/../../../../arm-none-eabi/lib/thumb/v7e-m/nofp/libc_nano.a(libc_a-impure.o)
                0x0000000020000014                _impure_data
 .data._impure_ptr
                0x0000000020000060        0x4 /Applications/STM32CubeIDE.app/Contents/Eclipse/plugins/com.st.stm32cube.ide.mcu.externaltools.gnu-tools-for-stm32.11.3.rel1.macos64_1.1.0.202305231506/tools/bin/../lib/gcc/arm-none-eabi/11.3.1/../../../../arm-none-eabi/lib/thumb/v7e-m/nofp/libc_nano.a(libc_a-impure.o)
                0x0000000020000060                _impure_ptr
 *(.RamFunc)
 *(.RamFunc*)
                0x0000000020000064                . = ALIGN (0x4)
                0x0000000020000064                _edata = .

.igot.plt       0x0000000020000064        0x0 load address 0x000000000800ca78
 .igot.plt      0x0000000020000064        0x0 /Applications/STM32CubeIDE.app/Contents/Eclipse/plugins/com.st.stm32cube.ide.mcu.externaltools.gnu-tools-for-stm32.11.3.rel1.macos64_1.1.0.202305231506/tools/bin/../lib/gcc/arm-none-eabi/11.3.1/thumb/v7e-m/nofp/crtbegin.o
                0x0000000020000064                . = ALIGN (0x4)

.bss            0x0000000020000064      0xb00 load address 0x000000000800ca78